Archive member included to satisfy reference by file (symbol)

C:/ST/STM32CubeIDE_1.19.0/STM32CubeIDE/plugins/com.st.stm32cube.ide.mcu.externaltools.gnu-tools-for-stm32.13.3.rel1.win32_1.0.0.202411081344/tools/bin/../lib/gcc/arm-none-eabi/13.3.1/../../../../arm-none-eabi/lib/thumb/v7-m/nofp\libc_nano.a(libc_a-exit.o)
                              C:/ST/STM32CubeIDE_1.19.0/STM32CubeIDE/plugins/com.st.stm32cube.ide.mcu.externaltools.gnu-tools-for-stm32.13.3.rel1.win32_1.0.0.202411081344/tools/bin/../lib/gcc/arm-none-eabi/13.3.1/../../../../arm-none-eabi/lib/thumb/v7-m/nofp/crt0.o (exit)
C:/ST/STM32CubeIDE_1.19.0/STM32CubeIDE/plugins/com.st.stm32cube.ide.mcu.externaltools.gnu-tools-for-stm32.13.3.rel1.win32_1.0.0.202411081344/tools/bin/../lib/gcc/arm-none-eabi/13.3.1/../../../../arm-none-eabi/lib/thumb/v7-m/nofp\libc_nano.a(libc_a-findfp.o)
                              C:/ST/STM32CubeIDE_1.19.0/STM32CubeIDE/plugins/com.st.stm32cube.ide.mcu.externaltools.gnu-tools-for-stm32.13.3.rel1.win32_1.0.0.202411081344/tools/bin/../lib/gcc/arm-none-eabi/13.3.1/../../../../arm-none-eabi/lib/thumb/v7-m/nofp\libc_nano.a(libc_a-exit.o) (__stdio_exit_handler)
C:/ST/STM32CubeIDE_1.19.0/STM32CubeIDE/plugins/com.st.stm32cube.ide.mcu.externaltools.gnu-tools-for-stm32.13.3.rel1.win32_1.0.0.202411081344/tools/bin/../lib/gcc/arm-none-eabi/13.3.1/../../../../arm-none-eabi/lib/thumb/v7-m/nofp\libc_nano.a(libc_a-fwalk.o)
                              C:/ST/STM32CubeIDE_1.19.0/STM32CubeIDE/plugins/com.st.stm32cube.ide.mcu.externaltools.gnu-tools-for-stm32.13.3.rel1.win32_1.0.0.202411081344/tools/bin/../lib/gcc/arm-none-eabi/13.3.1/../../../../arm-none-eabi/lib/thumb/v7-m/nofp\libc_nano.a(libc_a-findfp.o) (_fwalk_sglue)
C:/ST/STM32CubeIDE_1.19.0/STM32CubeIDE/plugins/com.st.stm32cube.ide.mcu.externaltools.gnu-tools-for-stm32.13.3.rel1.win32_1.0.0.202411081344/tools/bin/../lib/gcc/arm-none-eabi/13.3.1/../../../../arm-none-eabi/lib/thumb/v7-m/nofp\libc_nano.a(libc_a-sprintf.o)
                              ./Core/Src/sd_card_fs.o (sprintf)
C:/ST/STM32CubeIDE_1.19.0/STM32CubeIDE/plugins/com.st.stm32cube.ide.mcu.externaltools.gnu-tools-for-stm32.13.3.rel1.win32_1.0.0.202411081344/tools/bin/../lib/gcc/arm-none-eabi/13.3.1/../../../../arm-none-eabi/lib/thumb/v7-m/nofp\libc_nano.a(libc_a-stdio.o)
                              C:/ST/STM32CubeIDE_1.19.0/STM32CubeIDE/plugins/com.st.stm32cube.ide.mcu.externaltools.gnu-tools-for-stm32.13.3.rel1.win32_1.0.0.202411081344/tools/bin/../lib/gcc/arm-none-eabi/13.3.1/../../../../arm-none-eabi/lib/thumb/v7-m/nofp\libc_nano.a(libc_a-findfp.o) (__sread)
C:/ST/STM32CubeIDE_1.19.0/STM32CubeIDE/plugins/com.st.stm32cube.ide.mcu.externaltools.gnu-tools-for-stm32.13.3.rel1.win32_1.0.0.202411081344/tools/bin/../lib/gcc/arm-none-eabi/13.3.1/../../../../arm-none-eabi/lib/thumb/v7-m/nofp\libc_nano.a(libc_a-memset.o)
                              C:/ST/STM32CubeIDE_1.19.0/STM32CubeIDE/plugins/com.st.stm32cube.ide.mcu.externaltools.gnu-tools-for-stm32.13.3.rel1.win32_1.0.0.202411081344/tools/bin/../lib/gcc/arm-none-eabi/13.3.1/../../../../arm-none-eabi/lib/thumb/v7-m/nofp/crt0.o (memset)
C:/ST/STM32CubeIDE_1.19.0/STM32CubeIDE/plugins/com.st.stm32cube.ide.mcu.externaltools.gnu-tools-for-stm32.13.3.rel1.win32_1.0.0.202411081344/tools/bin/../lib/gcc/arm-none-eabi/13.3.1/../../../../arm-none-eabi/lib/thumb/v7-m/nofp\libc_nano.a(libc_a-closer.o)
                              C:/ST/STM32CubeIDE_1.19.0/STM32CubeIDE/plugins/com.st.stm32cube.ide.mcu.externaltools.gnu-tools-for-stm32.13.3.rel1.win32_1.0.0.202411081344/tools/bin/../lib/gcc/arm-none-eabi/13.3.1/../../../../arm-none-eabi/lib/thumb/v7-m/nofp\libc_nano.a(libc_a-stdio.o) (_close_r)
C:/ST/STM32CubeIDE_1.19.0/STM32CubeIDE/plugins/com.st.stm32cube.ide.mcu.externaltools.gnu-tools-for-stm32.13.3.rel1.win32_1.0.0.202411081344/tools/bin/../lib/gcc/arm-none-eabi/13.3.1/../../../../arm-none-eabi/lib/thumb/v7-m/nofp\libc_nano.a(libc_a-reent.o)
                              C:/ST/STM32CubeIDE_1.19.0/STM32CubeIDE/plugins/com.st.stm32cube.ide.mcu.externaltools.gnu-tools-for-stm32.13.3.rel1.win32_1.0.0.202411081344/tools/bin/../lib/gcc/arm-none-eabi/13.3.1/../../../../arm-none-eabi/lib/thumb/v7-m/nofp\libc_nano.a(libc_a-closer.o) (errno)
C:/ST/STM32CubeIDE_1.19.0/STM32CubeIDE/plugins/com.st.stm32cube.ide.mcu.externaltools.gnu-tools-for-stm32.13.3.rel1.win32_1.0.0.202411081344/tools/bin/../lib/gcc/arm-none-eabi/13.3.1/../../../../arm-none-eabi/lib/thumb/v7-m/nofp\libc_nano.a(libc_a-impure.o)
                              C:/ST/STM32CubeIDE_1.19.0/STM32CubeIDE/plugins/com.st.stm32cube.ide.mcu.externaltools.gnu-tools-for-stm32.13.3.rel1.win32_1.0.0.202411081344/tools/bin/../lib/gcc/arm-none-eabi/13.3.1/../../../../arm-none-eabi/lib/thumb/v7-m/nofp\libc_nano.a(libc_a-sprintf.o) (_impure_ptr)
[...]
Memory Configuration

Name             Origin             Length             Attributes
RAM              0x20000000         0x00005000         xrw
FLASH            0x08000000         0x00010000         xr
*default*        0x00000000         0xffffffff

Linker script and memory map

LOAD C:/ST/STM32CubeIDE_1.19.0/STM32CubeIDE/plugins/com.st.stm32cube.ide.mcu.externaltools.gnu-tools-for-stm32.13.3.rel1.win32_1.0.0.202411081344/tools/bin/../lib/gcc/arm-none-eabi/13.3.1/thumb/v7-m/nofp/crti.o
LOAD C:/ST/STM32CubeIDE_1.19.0/STM32CubeIDE/plugins/com.st.stm32cube.ide.mcu.externaltools.gnu-tools-for-stm32.13.3.rel1.win32_1.0.0.202411081344/tools/bin/../lib/gcc/arm-none-eabi/13.3.1/thumb/v7-m/nofp/crtbegin.o
LOAD C:/ST/STM32CubeIDE_1.19.0/STM32CubeIDE/plugins/com.st.stm32cube.ide.mcu.externaltools.gnu-tools-for-stm32.13.3.rel1.win32_1.0.0.202411081344/tools/bin/../lib/gcc/arm-none-eabi/13.3.1/../../../../arm-none-eabi/lib/thumb/v7-m/nofp/crt0.o
LOAD ./Core/Src/gpio.o
LOAD ./Core/Src/main.o
LOAD ./Core/Src/sd_card_fs.o
LOAD ./Core/Src/spi.o
LOAD ./Core/Src/stm32f1xx_hal_msp.o
LOAD ./Core/Src/stm32f1xx_it.o
LOAD ./Core/Src/syscalls.o
LOAD ./Core/Src/sysmem.o
LOAD ./Core/Src/system_stm32f1xx.o
LOAD ./Core/Src/usart.o
LOAD ./Core/Startup/startup_stm32f103c8tx.o
LOAD ./Drivers/STM32F1xx_HAL_Driver/Src/stm32f1xx_hal.o
LOAD ./Drivers/STM32F1xx_HAL_Driver/Src/stm32f1xx_hal_cortex.o
LOAD ./Drivers/STM32F1xx_HAL_Driver/Src/stm32f1xx_hal_dma.o
LOAD ./Drivers/STM32F1xx_HAL_Driver/Src/stm32f1xx_hal_exti.o
LOAD ./Drivers/STM32F1xx_HAL_Driver/Src/stm32f1xx_hal_flash.o
LOAD ./Drivers/STM32F1xx_HAL_Driver/Src/stm32f1xx_hal_flash_ex.o
LOAD ./Drivers/STM32F1xx_HAL_Driver/Src/stm32f1xx_hal_gpio.o
LOAD ./Drivers/STM32F1xx_HAL_Driver/Src/stm32f1xx_hal_gpio_ex.o
LOAD ./Drivers/STM32F1xx_HAL_Driver/Src/stm32f1xx_hal_pwr.o
LOAD ./Drivers/STM32F1xx_HAL_Driver/Src/stm32f1xx_hal_rcc.o
LOAD ./Drivers/STM32F1xx_HAL_Driver/Src/stm32f1xx_hal_rcc_ex.o
LOAD ./Drivers/STM32F1xx_HAL_Driver/Src/stm32f1xx_hal_spi.o
LOAD ./Drivers/STM32F1xx_HAL_Driver/Src/stm32f1xx_hal_uart.o
LOAD ./FATFS/App/fatfs.o
LOAD ./FATFS/Target/user_diskio.o
LOAD ./FATFS/Target/user_diskio_spi.o
LOAD ./Middlewares/Third_Party/FatFs/src/diskio.o
LOAD ./Middlewares/Third_Party/FatFs/src/ff.o
LOAD ./Middlewares/Third_Party/FatFs/src/ff_gen_drv.o
LOAD ./Middlewares/Third_Party/FatFs/src/option/syscall.o
START GROUP
LOAD C:/ST/STM32CubeIDE_1.19.0/STM32CubeIDE/plugins/com.st.stm32cube.ide.mcu.externaltools.gnu-tools-for-stm32.13.3.rel1.win32_1.0.0.202411081344/tools/bin/../lib/gcc/arm-none-eabi/13.3.1/../../../../arm-none-eabi/lib/thumb/v7-m/nofp\libc_nano.a
LOAD C:/ST/STM32CubeIDE_1.19.0/STM32CubeIDE/plugins/com.st.stm32cube.ide.mcu.externaltools.gnu-tools-for-stm32.13.3.rel1.win32_1.0.0.202411081344/tools/bin/../lib/gcc/arm-none-eabi/13.3.1/../../../../arm-none-eabi/lib/thumb/v7-m/nofp\libm.a
END GROUP
START GROUP
LOAD C:/ST/STM32CubeIDE_1.19.0/STM32CubeIDE/plugins/com.st.stm32cube.ide.mcu.externaltools.gnu-tools-for-stm32.13.3.rel1.win32_1.0.0.202411081344/tools/bin/../lib/gcc/arm-none-eabi/13.3.1/thumb/v7-m/nofp\libgcc.a
LOAD C:/ST/STM32CubeIDE_1.19.0/STM32CubeIDE/plugins/com.st.stm32cube.ide.mcu.externaltools.gnu-tools-for-stm32.13.3.rel1.win32_1.0.0.202411081344/tools/bin/../lib/gcc/arm-none-eabi/13.3.1/../../../../arm-none-eabi/lib/thumb/v7-m/nofp\libc_nano.a
END GROUP
START GROUP
LOAD C:/ST/STM32CubeIDE_1.19.0/STM32CubeIDE/plugins/com.st.stm32cube.ide.mcu.externaltools.gnu-tools-for-stm32.13.3.rel1.win32_1.0.0.202411081344/tools/bin/../lib/gcc/arm-none-eabi/13.3.1/thumb/v7-m/nofp\libgcc.a
LOAD C:/ST/STM32CubeIDE_1.19.0/STM32CubeIDE/plugins/com.st.stm32cube.ide.mcu.externaltools.gnu-tools-for-stm32.13.3.rel1.win32_1.0.0.202411081344/tools/bin/../lib/gcc/arm-none-eabi/13.3.1/../../../../arm-none-eabi/lib/thumb/v7-m/nofp\libc_nano.a
LOAD C:/ST/STM32CubeIDE_1.19.0/STM32CubeIDE/plugins/com.st.stm32cube.ide.mcu.externaltools.gnu-tools-for-stm32.13.3.rel1.win32_1.0.0.202411081344/tools/bin/../lib/gcc/arm-none-eabi/13.3.1/../../../../arm-none-eabi/lib/thumb/v7-m/nofp\libnosys.a
END GROUP
START GROUP
LOAD C:/ST/STM32CubeIDE_1.19.0/STM32CubeIDE/plugins/com.st.stm32cube.ide.mcu.externaltools.gnu-tools-for-stm32.13.3.rel1.win32_1.0.0.202411081344/tools/bin/../lib/gcc/arm-none-eabi/13.3.1/thumb/v7-m/nofp\libgcc.a
LOAD C:/ST/STM32CubeIDE_1.19.0/STM32CubeIDE/plugins/com.st.stm32cube.ide.mcu.externaltools.gnu-tools-for-stm32.13.3.rel1.win32_1.0.0.202411081344/tools/bin/../lib/gcc/arm-none-eabi/13.3.1/../../../../arm-none-eabi/lib/thumb/v7-m/nofp\libc_nano.a
LOAD C:/ST/STM32CubeIDE_1.19.0/STM32CubeIDE/plugins/com.st.stm32cube.ide.mcu.externaltools.gnu-tools-for-stm32.13.3.rel1.win32_1.0.0.202411081344/tools/bin/../lib/gcc/arm-none-eabi/13.3.1/../../../../arm-none-eabi/lib/thumb/v7-m/nofp\libnosys.a
END GROUP
LOAD C:/ST/STM32CubeIDE_1.19.0/STM32CubeIDE/plugins/com.st.stm32cube.ide.mcu.externaltools.gnu-tools-for-stm32.13.3.rel1.win32_1.0.0.202411081344/tools/bin/../lib/gcc/arm-none-eabi/13.3.1/thumb/v7-m/nofp/crtend.o
LOAD C:/ST/STM32CubeIDE_1.19.0/STM32CubeIDE/plugins/com.st.stm32cube.ide.mcu.externaltools.gnu-tools-for-stm32.13.3.rel1.win32_1.0.0.202411081344/tools/bin/../lib/gcc/arm-none-eabi/13.3.1/thumb/v7-m/nofp/crtn.o
                0x20005000                        _estack = (ORIGIN (RAM) + LENGTH (RAM))
                0x00000200                        _Min_Heap_Size = 0x200
                0x00000400                        _Min_Stack_Size = 0x400

.isr_vector     0x08000000      0x10c
                0x08000000                        . = ALIGN (0x4)
 *(.isr_vector)
 .isr_vector    0x08000000      0x10c ./Core/Startup/startup_stm32f103c8tx.o
                0x08000000                g_pfnVectors
                0x0800010c                        . = ALIGN (0x4)

.text           0x0800010c     0x64cc
                0x0800010c                        . = ALIGN (0x4)
 *(.text)
 .text          0x0800010c       0x40 C:/ST/STM32CubeIDE_1.19.0/STM32CubeIDE/plugins/com.st.stm32cube.ide.mcu.externaltools.gnu-tools-for-stm32.13.3.rel1.win32_1.0.0.202411081344/tools/bin/../lib/gcc/arm-none-eabi/13.3.1/thumb/v7-m/nofp/crtbegin.o
 .text          0x0800014c       0x10 C:/ST/STM32CubeIDE_1.19.0/STM32CubeIDE/plugins/com.st.stm32cube.ide.mcu.externaltools.gnu-tools-for-stm32.13.3.rel1.win32_1.0.0.202411081344/tools/bin/../lib/gcc/arm-none-eabi/13.3.1/../../../../arm-none-eabi/lib/thumb/v7-m/nofp\libc_nano.a(libc_a-strlen.o)
                0x0800014c                strlen
 *(.text*)
 .text.MX_GPIO_Init
                0x0800015c       0x7c ./Core/Src/gpio.o
                0x0800015c                MX_GPIO_Init
 .text.main     0x080001d8       0x7c ./Core/Src/main.o
                0x080001d8                main
 .text.SystemClock_Config
                0x08000254       0x8a ./Core/Src/main.o
                0x08000254                SystemClock_Config
 .text.Error_Handler
                0x080002de        0xc ./Core/Src/main.o
                0x080002de                Error_Handler
 .text.sd_card_init
                0x080002ea        0xc ./Core/Src/sd_card_fs.o
                0x080002ea                sd_card_init
 *fill*         0x080002f6        0x2 
 .text.sd_card_mount
                0x080002f8       0x94 ./Core/Src/sd_card_fs.o
                0x080002f8                sd_card_mount
 .text.sd_card_ls
                0x0800038c      0x1b4 ./Core/Src/sd_card_fs.o
                0x0800038c                sd_card_ls
 .text.sd_card_test
                0x08000540       0xe4 ./Core/Src/sd_card_fs.o
                0x08000540                sd_card_test
 .text.MX_SPI1_Init
                0x08000624       0x6c ./Core/Src/spi.o
                0x08000624                MX_SPI1_Init
 .text.HAL_SPI_MspInit
                0x08000690       0x94 ./Core/Src/spi.o
                0x08000690                HAL_SPI_MspInit
 .text.HAL_MspInit
                0x08000724       0x64 ./Core/Src/stm32f1xx_hal_msp.o
                0x08000724                HAL_MspInit
 .text.NMI_Handler
                0x08000788        0x8 ./Core/Src/stm32f1xx_it.o
                0x08000788                NMI_Handler
 .text.HardFault_Handler
                0x08000790        0x8 ./Core/Src/stm32f1xx_it.o
                0x08000790                HardFault_Handler
 .text.MemManage_Handler
                0x08000798        0x8 ./Core/Src/stm32f1xx_it.o
                0x08000798                MemManage_Handler
 .text.BusFault_Handler
                0x080007a0        0x8 ./Core/Src/stm32f1xx_it.o
                0x080007a0                BusFault_Handler
 .text.UsageFault_Handler
                0x080007a8        0x8 ./Core/Src/stm32f1xx_it.o
                0x080007a8                UsageFault_Handler
 .text.SVC_Handler
                0x080007b0        0xc ./Core/Src/stm32f1xx_it.o
                0x080007b0                SVC_Handler
 .text.DebugMon_Handler
                0x080007bc        0xc ./Core/Src/stm32f1xx_it.o
                0x080007bc                DebugMon_Handler
 .text.PendSV_Handler
                0x080007c8        0xc ./Core/Src/stm32f1xx_it.o
                0x080007c8                PendSV_Handler
 .text.SysTick_Handler
                0x080007d4        0xc ./Core/Src/stm32f1xx_it.o
                0x080007d4                SysTick_Handler
 .text._sbrk    0x080007e0       0x6c ./Core/Src/sysmem.o
                0x080007e0                _sbrk
 .text.SystemInit
                0x0800084c        0xc ./Core/Src/system_stm32f1xx.o
                0x0800084c                SystemInit
 .text.MX_USART1_UART_Init
                0x08000858       0x54 ./Core/Src/usart.o
                0x08000858                MX_USART1_UART_Init
 .text.HAL_UART_MspInit
                0x080008ac       0x98 ./Core/Src/usart.o
                0x080008ac                HAL_UART_MspInit
 .text.Reset_Handler
                0x08000944       0x48 ./Core/Startup/startup_stm32f103c8tx.o
                0x08000944                Reset_Handler
 .text.Default_Handler
                0x0800098c        0x2 ./Core/Startup/startup_stm32f103c8tx.o
                0x0800098c                RTC_Alarm_IRQHandler
                0x0800098c                EXTI2_IRQHandler
                0x0800098c                TIM1_CC_IRQHandler
                0x0800098c                PVD_IRQHandler
                0x0800098c                EXTI3_IRQHandler
                0x0800098c                EXTI0_IRQHandler
                0x0800098c                I2C2_EV_IRQHandler
                0x0800098c                ADC1_2_IRQHandler
                0x0800098c                SPI1_IRQHandler
                0x0800098c                TAMPER_IRQHandler
                0x0800098c                DMA1_Channel4_IRQHandler
                0x0800098c                USART3_IRQHandler
                0x0800098c                RTC_IRQHandler
                0x0800098c                DMA1_Channel7_IRQHandler
                0x0800098c                CAN1_RX1_IRQHandler
                0x0800098c                TIM4_IRQHandler
                0x0800098c                I2C1_EV_IRQHandler
                0x0800098c                DMA1_Channel6_IRQHandler
                0x0800098c                TIM3_IRQHandler
                0x0800098c                RCC_IRQHandler
                0x0800098c                TIM1_TRG_COM_IRQHandler
                0x0800098c                DMA1_Channel1_IRQHandler
                0x0800098c                Default_Handler
                0x0800098c                EXTI15_10_IRQHandler
                0x0800098c                EXTI9_5_IRQHandler
                0x0800098c                SPI2_IRQHandler
                0x0800098c                DMA1_Channel5_IRQHandler
                0x0800098c                EXTI4_IRQHandler
                0x0800098c                USB_LP_CAN1_RX0_IRQHandler
                0x0800098c                USB_HP_CAN1_TX_IRQHandler
                0x0800098c                DMA1_Channel3_IRQHandler
                0x0800098c                TIM1_UP_IRQHandler
                0x0800098c                WWDG_IRQHandler
                0x0800098c                TIM2_IRQHandler
                0x0800098c                TIM1_BRK_IRQHandler
                0x0800098c                EXTI1_IRQHandler
                0x0800098c                USART2_IRQHandler
                0x0800098c                I2C2_ER_IRQHandler
                0x0800098c                DMA1_Channel2_IRQHandler
                0x0800098c                CAN1_SCE_IRQHandler
                0x0800098c                FLASH_IRQHandler
                0x0800098c                USART1_IRQHandler
                0x0800098c                I2C1_ER_IRQHandler
                0x0800098c                USBWakeUp_IRQHandler
 *fill*         0x0800098e        0x2 
 .text.HAL_Init
                0x08000990       0x2c ./Drivers/STM32F1xx_HAL_Driver/Src/stm32f1xx_hal.o
                0x08000990                HAL_Init
 .text.HAL_InitTick
                0x080009bc       0x60 ./Drivers/STM32F1xx_HAL_Driver/Src/stm32f1xx_hal.o
                0x080009bc                HAL_InitTick
 .text.HAL_IncTick
                0x08000a1c       0x24 ./Drivers/STM32F1xx_HAL_Driver/Src/stm32f1xx_hal.o
                0x08000a1c                HAL_IncTick
 .text.HAL_GetTick
                0x08000a40       0x14 ./Drivers/STM32F1xx_HAL_Driver/Src/stm32f1xx_hal.o
                0x08000a40                HAL_GetTick
 .text.HAL_Delay
                0x08000a54       0x48 ./Drivers/STM32F1xx_HAL_Driver/Src/stm32f1xx_hal.o
                0x08000a54                HAL_Delay
 .text.__NVIC_SetPriorityGrouping
                0x08000a9c       0x48 ./Drivers/STM32F1xx_HAL_Driver/Src/stm32f1xx_hal_cortex.o
 .text.__NVIC_GetPriorityGrouping
                0x08000ae4       0x1c ./Drivers/STM32F1xx_HAL_Driver/Src/stm32f1xx_hal_cortex.o
 .text.__NVIC_SetPriority
                0x08000b00       0x54 ./Drivers/STM32F1xx_HAL_Driver/Src/stm32f1xx_hal_cortex.o
 .text.NVIC_EncodePriority
                0x08000b54       0x64 ./Drivers/STM32F1xx_HAL_Driver/Src/stm32f1xx_hal_cortex.o
 .text.SysTick_Config
                0x08000bb8       0x44 ./Drivers/STM32F1xx_HAL_Driver/Src/stm32f1xx_hal_cortex.o
 .text.HAL_NVIC_SetPriorityGrouping
                0x08000bfc       0x16 ./Drivers/STM32F1xx_HAL_Driver/Src/stm32f1xx_hal_cortex.o
                0x08000bfc                HAL_NVIC_SetPriorityGrouping
 .text.HAL_NVIC_SetPriority
                0x08000c12       0x38 ./Drivers/STM32F1xx_HAL_Driver/Src/stm32f1xx_hal_cortex.o
                0x08000c12                HAL_NVIC_SetPriority
 .text.HAL_SYSTICK_Config
                0x08000c4a       0x18 ./Drivers/STM32F1xx_HAL_Driver/Src/stm32f1xx_hal_cortex.o
                0x08000c4a                HAL_SYSTICK_Config
 *fill*         0x08000c62        0x2 
 .text.HAL_GPIO_Init
                0x08000c64      0x308 ./Drivers/STM32F1xx_HAL_Driver/Src/stm32f1xx_hal_gpio.o
                0x08000c64                HAL_GPIO_Init
 .text.HAL_GPIO_WritePin
                0x08000f6c       0x30 ./Drivers/STM32F1xx_HAL_Driver/Src/stm32f1xx_hal_gpio.o
                0x08000f6c                HAL_GPIO_WritePin
 .text.HAL_RCC_OscConfig
                0x08000f9c      0x504 ./Drivers/STM32F1xx_HAL_Driver/Src/stm32f1xx_hal_rcc.o
                0x08000f9c                HAL_RCC_OscConfig
 .text.HAL_RCC_ClockConfig
                0x080014a0      0x1d4 ./Drivers/STM32F1xx_HAL_Driver/Src/stm32f1xx_hal_rcc.o
                0x080014a0                HAL_RCC_ClockConfig
 .text.HAL_RCC_GetSysClockFreq
                0x08001674       0xa8 ./Drivers/STM32F1xx_HAL_Driver/Src/stm32f1xx_hal_rcc.o
                0x08001674                HAL_RCC_GetSysClockFreq
 .text.HAL_RCC_GetHCLKFreq
                0x0800171c       0x14 ./Drivers/STM32F1xx_HAL_Driver/Src/stm32f1xx_hal_rcc.o
                0x0800171c                HAL_RCC_GetHCLKFreq
 .text.HAL_RCC_GetPCLK1Freq
                0x08001730       0x28 ./Drivers/STM32F1xx_HAL_Driver/Src/stm32f1xx_hal_rcc.o
                0x08001730                HAL_RCC_GetPCLK1Freq
 .text.HAL_RCC_GetPCLK2Freq
                0x08001758       0x28 ./Drivers/STM32F1xx_HAL_Driver/Src/stm32f1xx_hal_rcc.o
                0x08001758                HAL_RCC_GetPCLK2Freq
 .text.RCC_Delay
                0x08001780       0x3c ./Drivers/STM32F1xx_HAL_Driver/Src/stm32f1xx_hal_rcc.o
 .text.HAL_SPI_Init
                0x080017bc      0x108 ./Drivers/STM32F1xx_HAL_Driver/Src/stm32f1xx_hal_spi.o
                0x080017bc                HAL_SPI_Init
 .text.HAL_SPI_Transmit
                0x080018c4      0x288 ./Drivers/STM32F1xx_HAL_Driver/Src/stm32f1xx_hal_spi.o
                0x080018c4                HAL_SPI_Transmit
 .text.HAL_SPI_TransmitReceive
                0x08001b4c      0x352 ./Drivers/STM32F1xx_HAL_Driver/Src/stm32f1xx_hal_spi.o
                0x08001b4c                HAL_SPI_TransmitReceive
 *fill*         0x08001e9e        0x2 
 .text.SPI_WaitFlagStateUntilTimeout
                0x08001ea0      0x110 ./Drivers/STM32F1xx_HAL_Driver/Src/stm32f1xx_hal_spi.o
 .text.SPI_EndRxTxTransaction
                0x08001fb0       0x62 ./Drivers/STM32F1xx_HAL_Driver/Src/stm32f1xx_hal_spi.o
 .text.HAL_UART_Init
                0x08002012       0xa0 ./Drivers/STM32F1xx_HAL_Driver/Src/stm32f1xx_hal_uart.o
                0x08002012                HAL_UART_Init
 .text.HAL_UART_Transmit
                0x080020b2      0x116 ./Drivers/STM32F1xx_HAL_Driver/Src/stm32f1xx_hal_uart.o
                0x080020b2                HAL_UART_Transmit
 .text.UART_WaitOnFlagUntilTimeout
                0x080021c8       0xb2 ./Drivers/STM32F1xx_HAL_Driver/Src/stm32f1xx_hal_uart.o
 .text.UART_EndRxTransfer
                0x0800227a       0xc4 ./Drivers/STM32F1xx_HAL_Driver/Src/stm32f1xx_hal_uart.o
 *fill*         0x0800233e        0x2 
 .text.UART_SetConfig
                0x08002340      0x11c ./Drivers/STM32F1xx_HAL_Driver/Src/stm32f1xx_hal_uart.o
 .text.MX_FATFS_Init
                0x0800245c       0x24 ./FATFS/App/fatfs.o
                0x0800245c                MX_FATFS_Init
 .text.get_fattime
                0x08002480        0xe ./FATFS/App/fatfs.o
                0x08002480                get_fattime
 .text.USER_initialize
                0x0800248e       0x1c ./FATFS/Target/user_diskio.o
                0x0800248e                USER_initialize
 .text.USER_status
                0x080024aa       0x1c ./FATFS/Target/user_diskio.o
                0x080024aa                USER_status
 .text.USER_read
                0x080024c6       0x26 ./FATFS/Target/user_diskio.o
                0x080024c6                USER_read
 .text.USER_write
                0x080024ec       0x26 ./FATFS/Target/user_diskio.o
                0x080024ec                USER_write
 .text.USER_ioctl
                0x08002512       0x26 ./FATFS/Target/user_diskio.o
                0x08002512                USER_ioctl
 .text.SPI_Timer_On
                0x08002538       0x28 ./FATFS/Target/user_diskio_spi.o
                0x08002538                SPI_Timer_On
 .text.SPI_Timer_Status
                0x08002560       0x2c ./FATFS/Target/user_diskio_spi.o
                0x08002560                SPI_Timer_Status
 .text.xchg_spi
                0x0800258c       0x2c ./FATFS/Target/user_diskio_spi.o
 .text.rcvr_spi_multi
                0x080025b8       0x38 ./FATFS/Target/user_diskio_spi.o
 .text.xmit_spi_multi
                0x080025f0       0x28 ./FATFS/Target/user_diskio_spi.o
 .text.wait_ready
                0x08002618       0x46 ./FATFS/Target/user_diskio_spi.o
 *fill*         0x0800265e        0x2 
 .text.despiselect
                0x08002660       0x1c ./FATFS/Target/user_diskio_spi.o
 .text.spiselect
                0x0800267c       0x34 ./FATFS/Target/user_diskio_spi.o
 .text.rcvr_datablock
                0x080026b0       0x52 ./FATFS/Target/user_diskio_spi.o
 .text.xmit_datablock
                0x08002702       0x64 ./FATFS/Target/user_diskio_spi.o
 .text.send_cmd
                0x08002766       0xde ./FATFS/Target/user_diskio_spi.o
 .text.USER_SPI_initialize
                0x08002844      0x1d8 ./FATFS/Target/user_diskio_spi.o
                0x08002844                USER_SPI_initialize
 .text.USER_SPI_status
                0x08002a1c       0x28 ./FATFS/Target/user_diskio_spi.o
                0x08002a1c                USER_SPI_status
 .text.USER_SPI_read
                0x08002a44       0xcc ./FATFS/Target/user_diskio_spi.o
                0x08002a44                USER_SPI_read
 .text.USER_SPI_write
                0x08002b10       0xf8 ./FATFS/Target/user_diskio_spi.o
                0x08002b10                USER_SPI_write
 .text.USER_SPI_ioctl
                0x08002c08      0x2e0 ./FATFS/Target/user_diskio_spi.o
                0x08002c08                USER_SPI_ioctl
 .text.disk_status
                0x08002ee8       0x34 ./Middlewares/Third_Party/FatFs/src/diskio.o
                0x08002ee8                disk_status
 .text.disk_initialize
                0x08002f1c       0x4c ./Middlewares/Third_Party/FatFs/src/diskio.o
                0x08002f1c                disk_initialize
 .text.disk_read
                0x08002f68       0x40 ./Middlewares/Third_Party/FatFs/src/diskio.o
                0x08002f68                disk_read
 .text.disk_write
                0x08002fa8       0x40 ./Middlewares/Third_Party/FatFs/src/diskio.o
                0x08002fa8                disk_write
 .text.disk_ioctl
                0x08002fe8       0x3c ./Middlewares/Third_Party/FatFs/src/diskio.o
                0x08002fe8                disk_ioctl
 .text.mem_cpy  0x08003024       0x3c ./Middlewares/Third_Party/FatFs/src/ff.o
 .text.mem_set  0x08003060       0x34 ./Middlewares/Third_Party/FatFs/src/ff.o
 .text.mem_cmp  0x08003094       0x4c ./Middlewares/Third_Party/FatFs/src/ff.o
 .text.chk_chr  0x080030e0       0x34 ./Middlewares/Third_Party/FatFs/src/ff.o
 .text.chk_lock
                0x08003114       0xd8 ./Middlewares/Third_Party/FatFs/src/ff.o
 .text.enq_lock
                0x080031ec       0x48 ./Middlewares/Third_Party/FatFs/src/ff.o
 .text.inc_lock
                0x08003234      0x16c ./Middlewares/Third_Party/FatFs/src/ff.o
 .text.dec_lock
                0x080033a0       0x88 ./Middlewares/Third_Party/FatFs/src/ff.o
 .text.clear_lock
                0x08003428       0x54 ./Middlewares/Third_Party/FatFs/src/ff.o
 .text.sync_window
                0x0800347c       0x92 ./Middlewares/Third_Party/FatFs/src/ff.o
 .text.move_window
                0x0800350e       0x5c ./Middlewares/Third_Party/FatFs/src/ff.o
 .text.sync_fs  0x0800356a      0x15a ./Middlewares/Third_Party/FatFs/src/ff.o
 .text.clust2sect
                0x080036c4       0x42 ./Middlewares/Third_Party/FatFs/src/ff.o
                0x080036c4                clust2sect
 .text.get_fat  0x08003706      0x174 ./Middlewares/Third_Party/FatFs/src/ff.o
                0x08003706                get_fat
 .text.put_fat  0x0800387a      0x21c ./Middlewares/Third_Party/FatFs/src/ff.o
                0x0800387a                put_fat
 .text.remove_chain
                0x08003a96       0xb4 ./Middlewares/Third_Party/FatFs/src/ff.o
 .text.create_chain
                0x08003b4a      0x13a ./Middlewares/Third_Party/FatFs/src/ff.o
 .text.clmt_clust
                0x08003c84       0x68 ./Middlewares/Third_Party/FatFs/src/ff.o
 .text.dir_sdi  0x08003cec      0x128 ./Middlewares/Third_Party/FatFs/src/ff.o
 .text.dir_next
                0x08003e14      0x1ee ./Middlewares/Third_Party/FatFs/src/ff.o
 .text.dir_alloc
                0x08004002       0x94 ./Middlewares/Third_Party/FatFs/src/ff.o
 .text.ld_clust
                0x08004096       0x5e ./Middlewares/Third_Party/FatFs/src/ff.o
 .text.st_clust
                0x080040f4       0x4c ./Middlewares/Third_Party/FatFs/src/ff.o
 .text.dir_find
                0x08004140       0x9e ./Middlewares/Third_Party/FatFs/src/ff.o
 .text.dir_read
                0x080041de       0xb8 ./Middlewares/Third_Party/FatFs/src/ff.o
 .text.dir_register
                0x08004296       0x72 ./Middlewares/Third_Party/FatFs/src/ff.o
 .text.get_fileinfo
                0x08004308       0xe6 ./Middlewares/Third_Party/FatFs/src/ff.o
 *fill*         0x080043ee        0x2 
 .text.create_name
                0x080043f0      0x1ec ./Middlewares/Third_Party/FatFs/src/ff.o
 .text.follow_path
                0x080045dc      0x11c ./Middlewares/Third_Party/FatFs/src/ff.o
 .text.get_ldnumber
                0x080046f8       0x86 ./Middlewares/Third_Party/FatFs/src/ff.o
 *fill*         0x0800477e        0x2 
 .text.check_fs
                0x08004780       0xd8 ./Middlewares/Third_Party/FatFs/src/ff.o
 .text.find_volume
                0x08004858      0x57c ./Middlewares/Third_Party/FatFs/src/ff.o
 .text.validate
                0x08004dd4       0x66 ./Middlewares/Third_Party/FatFs/src/ff.o
 *fill*         0x08004e3a        0x2 
 .text.f_mount  0x08004e3c       0x90 ./Middlewares/Third_Party/FatFs/src/ff.o
                0x08004e3c                f_mount
 .text.f_open   0x08004ecc      0x4ea ./Middlewares/Third_Party/FatFs/src/ff.o
                0x08004ecc                f_open
 .text.f_write  0x080053b6      0x35a ./Middlewares/Third_Party/FatFs/src/ff.o
                0x080053b6                f_write
 .text.f_sync   0x08005710      0x174 ./Middlewares/Third_Party/FatFs/src/ff.o
                0x08005710                f_sync
 .text.f_close  0x08005884       0x50 ./Middlewares/Third_Party/FatFs/src/ff.o
                0x08005884                f_close
 .text.f_opendir
                0x080058d4      0x104 ./Middlewares/Third_Party/FatFs/src/ff.o
                0x080058d4                f_opendir
 .text.f_closedir
                0x080059d8       0x4a ./Middlewares/Third_Party/FatFs/src/ff.o
                0x080059d8                f_closedir
 .text.f_readdir
                0x08005a22       0x8c ./Middlewares/Third_Party/FatFs/src/ff.o
                0x08005a22                f_readdir
 .text.putc_bfd
                0x08005aae       0x7a ./Middlewares/Third_Party/FatFs/src/ff.o
 .text.f_puts   0x08005b28       0x72 ./Middlewares/Third_Party/FatFs/src/ff.o
                0x08005b28                f_puts
 *fill*         0x08005b9a        0x2 
 .text.FATFS_LinkDriverEx
                0x08005b9c       0x94 ./Middlewares/Third_Party/FatFs/src/ff_gen_drv.o
                0x08005b9c                FATFS_LinkDriverEx
 .text.FATFS_LinkDriver
                0x08005c30       0x1e ./Middlewares/Third_Party/FatFs/src/ff_gen_drv.o
                0x08005c30                FATFS_LinkDriver
 *fill*         0x08005c4e        0x2 
 .text.sprintf  0x08005c50       0x44 C:/ST/STM32CubeIDE_1.19.0/STM32CubeIDE/plugins/com.st.stm32cube.ide.mcu.externaltools.gnu-tools-for-stm32.13.3.rel1.win32_1.0.0.202411081344/tools/bin/../lib/gcc/arm-none-eabi/13.3.1/../../../../arm-none-eabi/lib/thumb/v7-m/nofp\libc_nano.a(libc_a-sprintf.o)
                0x08005c50                siprintf
                0x08005c50                sprintf
 .text.memset   0x08005c94       0x10 C:/ST/STM32CubeIDE_1.19.0/STM32CubeIDE/plugins/com.st.stm32cube.ide.mcu.externaltools.gnu-tools-for-stm32.13.3.rel1.win32_1.0.0.202411081344/tools/bin/../lib/gcc/arm-none-eabi/13.3.1/../../../../arm-none-eabi/lib/thumb/v7-m/nofp\libc_nano.a(libc_a-memset.o)
                0x08005c94                memset
 .text.__errno  0x08005ca4        0xc C:/ST/STM32CubeIDE_1.19.0/STM32CubeIDE/plugins/com.st.stm32cube.ide.mcu.externaltools.gnu-tools-for-stm32.13.3.rel1.win32_1.0.0.202411081344/tools/bin/../lib/gcc/arm-none-eabi/13.3.1/../../../../arm-none-eabi/lib/thumb/v7-m/nofp\libc_nano.a(libc_a-errno.o)
                0x08005ca4                __errno
 .text.__libc_init_array
                0x08005cb0       0x48 C:/ST/STM32CubeIDE_1.19.0/STM32CubeIDE/plugins/com.st.stm32cube.ide.mcu.externaltools.gnu-tools-for-stm32.13.3.rel1.win32_1.0.0.202411081344/tools/bin/../lib/gcc/arm-none-eabi/13.3.1/../../../../arm-none-eabi/lib/thumb/v7-m/nofp\libc_nano.a(libc_a-init.o)
                0x08005cb0                __libc_init_array
 .text.__retarget_lock_acquire_recursive
                0x08005cf8        0x2 C:/ST/STM32CubeIDE_1.19.0/STM32CubeIDE/plugins/com.st.stm32cube.ide.mcu.externaltools.gnu-tools-for-stm32.13.3.rel1.win32_1.0.0.202411081344/tools/bin/../lib/gcc/arm-none-eabi/13.3.1/../../../../arm-none-eabi/lib/thumb/v7-m/nofp\libc_nano.a(libc_a-lock.o)
                0x08005cf8                __retarget_lock_acquire_recursive
 .text.__retarget_lock_release_recursive
                0x08005cfa        0x2 C:/ST/STM32CubeIDE_1.19.0/STM32CubeIDE/plugins/com.st.stm32cube.ide.mcu.externaltools.gnu-tools-for-stm32.13.3.rel1.win32_1.0.0.202411081344/tools/bin/../lib/gcc/arm-none-eabi/13.3.1/../../../../arm-none-eabi/lib/thumb/v7-m/nofp\libc_nano.a(libc_a-lock.o)
                0x08005cfa                __retarget_lock_release_recursive
 .text.strcpy   0x08005cfc       0x10 C:/ST/STM32CubeIDE_1.19.0/STM32CubeIDE/plugins/com.st.stm32cube.ide.mcu.externaltools.gnu-tools-for-stm32.13.3.rel1.win32_1.0.0.202411081344/tools/bin/../lib/gcc/arm-none-eabi/13.3.1/../../../../arm-none-eabi/lib/thumb/v7-m/nofp\libc_nano.a(libc_a-strcpy.o)
                0x08005cfc                strcpy
 .text._free_r  0x08005d0c       0x90 C:/ST/STM32CubeIDE_1.19.0/STM32CubeIDE/plugins/com.st.stm32cube.ide.mcu.externaltools.gnu-tools-for-stm32.13.3.rel1.win32_1.0.0.202411081344/tools/bin/../lib/gcc/arm-none-eabi/13.3.1/../../../../arm-none-eabi/lib/thumb/v7-m/nofp\libc_nano.a(libc_a-freer.o)
                0x08005d0c                _free_r
 .text.sbrk_aligned
                0x08005d9c       0x44 C:/ST/STM32CubeIDE_1.19.0/STM32CubeIDE/plugins/com.st.stm32cube.ide.mcu.externaltools.gnu-tools-for-stm32.13.3.rel1.win32_1.0.0.202411081344/tools/bin/../lib/gcc/arm-none-eabi/13.3.1/../../../../arm-none-eabi/lib/thumb/v7-m/nofp\libc_nano.a(libc_a-mallocr.o)
 .text._malloc_r
                0x08005de0      0x100 C:/ST/STM32CubeIDE_1.19.0/STM32CubeIDE/plugins/com.st.stm32cube.ide.mcu.externaltools.gnu-tools-for-stm32.13.3.rel1.win32_1.0.0.202411081344/tools/bin/../lib/gcc/arm-none-eabi/13.3.1/../../../../arm-none-eabi/lib/thumb/v7-m/nofp\libc_nano.a(libc_a-mallocr.o)
                0x08005de0                _malloc_r
 .text.__malloc_lock
                0x08005ee0        0xc C:/ST/STM32CubeIDE_1.19.0/STM32CubeIDE/plugins/com.st.stm32cube.ide.mcu.externaltools.gnu-tools-for-stm32.13.3.rel1.win32_1.0.0.202411081344/tools/bin/../lib/gcc/arm-none-eabi/13.3.1/../../../../arm-none-eabi/lib/thumb/v7-m/nofp\libc_nano.a(libc_a-mlock.o)
                0x08005ee0                __malloc_lock
 .text.__malloc_unlock
                0x08005eec        0xc C:/ST/STM32CubeIDE_1.19.0/STM32CubeIDE/plugins/com.st.stm32cube.ide.mcu.externaltools.gnu-tools-for-stm32.13.3.rel1.win32_1.0.0.202411081344/tools/bin/../lib/gcc/arm-none-eabi/13.3.1/../../../../arm-none-eabi/lib/thumb/v7-m/nofp\libc_nano.a(libc_a-mlock.o)
                0x08005eec                __malloc_unlock
 .text.__ssputs_r
                0x08005ef8       0xb6 C:/ST/STM32CubeIDE_1.19.0/STM32CubeIDE/plugins/com.st.stm32cube.ide.mcu.externaltools.gnu-tools-for-stm32.13.3.rel1.win32_1.0.0.202411081344/tools/bin/../lib/gcc/arm-none-eabi/13.3.1/../../../../arm-none-eabi/lib/thumb/v7-m/nofp\libc_nano.a(libc_a-nano-svfprintf.o)
                0x08005ef8                __ssputs_r
 *fill*         0x08005fae        0x2 
 .text._svfprintf_r
                0x08005fb0      0x1f8 C:/ST/STM32CubeIDE_1.19.0/STM32CubeIDE/plugins/com.st.stm32cube.ide.mcu.externaltools.gnu-tools-for-stm32.13.3.rel1.win32_1.0.0.202411081344/tools/bin/../lib/gcc/arm-none-eabi/13.3.1/../../../../arm-none-eabi/lib/thumb/v7-m/nofp\libc_nano.a(libc_a-nano-svfprintf.o)
                0x08005fb0                _svfiprintf_r
                0x08005fb0                _svfprintf_r
 .text._printf_common
                0x080061a8       0xe4 C:/ST/STM32CubeIDE_1.19.0/STM32CubeIDE/plugins/com.st.stm32cube.ide.mcu.externaltools.gnu-tools-for-stm32.13.3.rel1.win32_1.0.0.202411081344/tools/bin/../lib/gcc/arm-none-eabi/13.3.1/../../../../arm-none-eabi/lib/thumb/v7-m/nofp\libc_nano.a(libc_a-nano-vfprintf_i.o)
                0x080061a8                _printf_common
 .text._printf_i
                0x0800628c      0x23c C:/ST/STM32CubeIDE_1.19.0/STM32CubeIDE/plugins/com.st.stm32cube.ide.mcu.externaltools.gnu-tools-for-stm32.13.3.rel1.win32_1.0.0.202411081344/tools/bin/../lib/gcc/arm-none-eabi/13.3.1/../../../../arm-none-eabi/lib/thumb/v7-m/nofp\libc_nano.a(libc_a-nano-vfprintf_i.o)
                0x0800628c                _printf_i
 .text.memmove  0x080064c8       0x34 C:/ST/STM32CubeIDE_1.19.0/STM32CubeIDE/plugins/com.st.stm32cube.ide.mcu.externaltools.gnu-tools-for-stm32.13.3.rel1.win32_1.0.0.202411081344/tools/bin/../lib/gcc/arm-none-eabi/13.3.1/../../../../arm-none-eabi/lib/thumb/v7-m/nofp\libc_nano.a(libc_a-memmove.o)
                0x080064c8                memmove
 .text._sbrk_r  0x080064fc       0x20 C:/ST/STM32CubeIDE_1.19.0/STM32CubeIDE/plugins/com.st.stm32cube.ide.mcu.externaltools.gnu-tools-for-stm32.13.3.rel1.win32_1.0.0.202411081344/tools/bin/../lib/gcc/arm-none-eabi/13.3.1/../../../../arm-none-eabi/lib/thumb/v7-m/nofp\libc_nano.a(libc_a-sbrkr.o)
                0x080064fc                _sbrk_r
 .text.memchr   0x0800651c       0x1c C:/ST/STM32CubeIDE_1.19.0/STM32CubeIDE/plugins/com.st.stm32cube.ide.mcu.externaltools.gnu-tools-for-stm32.13.3.rel1.win32_1.0.0.202411081344/tools/bin/../lib/gcc/arm-none-eabi/13.3.1/../../../../arm-none-eabi/lib/thumb/v7-m/nofp\libc_nano.a(libc_a-memchr-stub.o)
                0x0800651c                memchr
 .text.memcpy   0x08006538       0x1c C:/ST/STM32CubeIDE_1.19.0/STM32CubeIDE/plugins/com.st.stm32cube.ide.mcu.externaltools.gnu-tools-for-stm32.13.3.rel1.win32_1.0.0.202411081344/tools/bin/../lib/gcc/arm-none-eabi/13.3.1/../../../../arm-none-eabi/lib/thumb/v7-m/nofp\libc_nano.a(libc_a-memcpy-stub.o)
                0x08006538                memcpy
 .text._realloc_r
                0x08006554       0x5c C:/ST/STM32CubeIDE_1.19.0/STM32CubeIDE/plugins/com.st.stm32cube.ide.mcu.externaltools.gnu-tools-for-stm32.13.3.rel1.win32_1.0.0.202411081344/tools/bin/../lib/gcc/arm-none-eabi/13.3.1/../../../../arm-none-eabi/lib/thumb/v7-m/nofp\libc_nano.a(libc_a-reallocr.o)
                0x08006554                _realloc_r
 .text._malloc_usable_size_r
                0x080065b0       0x10 C:/ST/STM32CubeIDE_1.19.0/STM32CubeIDE/plugins/com.st.stm32cube.ide.mcu.externaltools.gnu-tools-for-stm32.13.3.rel1.win32_1.0.0.202411081344/tools/bin/../lib/gcc/arm-none-eabi/13.3.1/../../../../arm-none-eabi/lib/thumb/v7-m/nofp\libc_nano.a(libc_a-msizer.o)
                0x080065b0                _malloc_usable_size_r
 *(.glue_7)
 .glue_7        0x080065c0        0x0 linker stubs
 *(.glue_7t)
 .glue_7t       0x080065c0        0x0 linker stubs
 *(.eh_frame)
 .eh_frame      0x080065c0        0x0 C:/ST/STM32CubeIDE_1.19.0/STM32CubeIDE/plugins/com.st.stm32cube.ide.mcu.externaltools.gnu-tools-for-stm32.13.3.rel1.win32_1.0.0.202411081344/tools/bin/../lib/gcc/arm-none-eabi/13.3.1/thumb/v7-m/nofp/crtbegin.o
 *(.init)
 .init          0x080065c0        0x4 C:/ST/STM32CubeIDE_1.19.0/STM32CubeIDE/plugins/com.st.stm32cube.ide.mcu.externaltools.gnu-tools-for-stm32.13.3.rel1.win32_1.0.0.202411081344/tools/bin/../lib/gcc/arm-none-eabi/13.3.1/thumb/v7-m/nofp/crti.o
                0x080065c0                _init
 .init          0x080065c4        0x8 C:/ST/STM32CubeIDE_1.19.0/STM32CubeIDE/plugins/com.st.stm32cube.ide.mcu.externaltools.gnu-tools-for-stm32.13.3.rel1.win32_1.0.0.202411081344/tools/bin/../lib/gcc/arm-none-eabi/13.3.1/thumb/v7-m/nofp/crtn.o
 *(.fini)
 .fini          0x080065cc        0x4 C:/ST/STM32CubeIDE_1.19.0/STM32CubeIDE/plugins/com.st.stm32cube.ide.mcu.externaltools.gnu-tools-for-stm32.13.3.rel1.win32_1.0.0.202411081344/tools/bin/../lib/gcc/arm-none-eabi/13.3.1/thumb/v7-m/nofp/crti.o
                0x080065cc                _fini
 .fini          0x080065d0        0x8 C:/ST/STM32CubeIDE_1.19.0/STM32CubeIDE/plugins/com.st.stm32cube.ide.mcu.externaltools.gnu-tools-for-stm32.13.3.rel1.win32_1.0.0.202411081344/tools/bin/../lib/gcc/arm-none-eabi/13.3.1/thumb/v7-m/nofp/crtn.o
                0x080065d8                        . = ALIGN (0x4)
                0x080065d8                        _etext = .

.vfp11_veneer   0x080065d8        0x0
 .vfp11_veneer  0x080065d8        0x0 linker stubs

.v4_bx          0x080065d8        0x0
 .v4_bx         0x080065d8        0x0 linker stubs

.iplt           0x080065d8        0x0
 .iplt          0x080065d8        0x0 C:/ST/STM32CubeIDE_1.19.0/STM32CubeIDE/plugins/com.st.stm32cube.ide.mcu.externaltools.gnu-tools-for-stm32.13.3.rel1.win32_1.0.0.202411081344/tools/bin/../lib/gcc/arm-none-eabi/13.3.1/thumb/v7-m/nofp/crtbegin.o

.rodata         0x080065d8      0x36c
                0x080065d8                        . = ALIGN (0x4)
 *(.rodata)
 .rodata        0x080065d8       0x2e ./Core/Src/main.o
 *fill*         0x08006606        0x2 
 .rodata        0x08006608      0x218 ./Core/Src/sd_card_fs.o
 .rodata        0x08006820       0x44 ./Middlewares/Third_Party/FatFs/src/ff.o
 *(.rodata*)
 .rodata.AHBPrescTable
                0x08006864       0x10 ./Core/Src/system_stm32f1xx.o
                0x08006864                AHBPrescTable
 .rodata.APBPrescTable
                0x08006874        0x8 ./Core/Src/system_stm32f1xx.o
                0x08006874                APBPrescTable
 .rodata.aPLLMULFactorTable.1
                0x0800687c       0x10 ./Drivers/STM32F1xx_HAL_Driver/Src/stm32f1xx_hal_rcc.o
 .rodata.aPredivFactorTable.0
                0x0800688c        0x2 ./Drivers/STM32F1xx_HAL_Driver/Src/stm32f1xx_hal_rcc.o
 *fill*         0x0800688e        0x2 
 .rodata.ExCvt  0x08006890       0x80 ./Middlewares/Third_Party/FatFs/src/ff.o
 .rodata._svfprintf_r.str1.1
                0x08006910       0x33 C:/ST/STM32CubeIDE_1.19.0/STM32CubeIDE/plugins/com.st.stm32cube.ide.mcu.externaltools.gnu-tools-for-stm32.13.3.rel1.win32_1.0.0.202411081344/tools/bin/../lib/gcc/arm-none-eabi/13.3.1/../../../../arm-none-eabi/lib/thumb/v7-m/nofp\libc_nano.a(libc_a-nano-svfprintf.o)
                                 0x11 (size before relaxing)
 .rodata._printf_i.str1.1
                0x08006943       0x22 C:/ST/STM32CubeIDE_1.19.0/STM32CubeIDE/plugins/com.st.stm32cube.ide.mcu.externaltools.gnu-tools-for-stm32.13.3.rel1.win32_1.0.0.202411081344/tools/bin/../lib/gcc/arm-none-eabi/13.3.1/../../../../arm-none-eabi/lib/thumb/v7-m/nofp\libc_nano.a(libc_a-nano-vfprintf_i.o)
                0x08006968                        . = ALIGN (0x4)
 *fill*         0x08006943        0x1 

.ARM.extab      0x08006944        0x0
                0x08006944                        . = ALIGN (0x4)
 *(.ARM.extab* .gnu.linkonce.armextab.*)
                0x08006944                        . = ALIGN (0x4)

.ARM            0x08006944        0x8
                0x08006944                        . = ALIGN (0x4)
                0x08006944                        __exidx_start = .
 *(.ARM.exidx*)
 .ARM.exidx     0x08006944        0x8 C:/ST/STM32CubeIDE_1.19.0/STM32CubeIDE/plugins/com.st.stm32cube.ide.mcu.externaltools.gnu-tools-for-stm32.13.3.rel1.win32_1.0.0.202411081344/tools/bin/../lib/gcc/arm-none-eabi/13.3.1/../../../../arm-none-eabi/lib/thumb/v7-m/nofp\libc_nano.a(libc_a-strlen.o)
                0x0800694c                        __exidx_end = .
                0x0800694c                        . = ALIGN (0x4)

.preinit_array  0x0800694c        0x0
                0x0800694c                        . = ALIGN (0x4)
                0x0800694c                        PROVIDE (__preinit_array_start = .)
 *(.preinit_array*)
                0x0800694c                        PROVIDE (__preinit_array_end = .)
                0x0800694c                        . = ALIGN (0x4)

.init_array     0x0800694c        0x4
                0x0800694c                        . = ALIGN (0x4)
                0x0800694c                        PROVIDE (__init_array_start = .)
 *(SORT_BY_NAME(.init_array.*))
 *(.init_array*)
 .init_array    0x0800694c        0x4 C:/ST/STM32CubeIDE_1.19.0/STM32CubeIDE/plugins/com.st.stm32cube.ide.mcu.externaltools.gnu-tools-for-stm32.13.3.rel1.win32_1.0.0.202411081344/tools/bin/../lib/gcc/arm-none-eabi/13.3.1/thumb/v7-m/nofp/crtbegin.o
                0x08006950                        PROVIDE (__init_array_end = .)
                0x08006950                        . = ALIGN (0x4)

.fini_array     0x08006950        0x4
                0x08006950                        . = ALIGN (0x4)
                [!provide]                        PROVIDE (__fini_array_start = .)
 *(SORT_BY_NAME(.fini_array.*))
 *(.fini_array*)
 .fini_array    0x08006950        0x4 C:/ST/STM32CubeIDE_1.19.0/STM32CubeIDE/plugins/com.st.stm32cube.ide.mcu.externaltools.gnu-tools-for-stm32.13.3.rel1.win32_1.0.0.202411081344/tools/bin/../lib/gcc/arm-none-eabi/13.3.1/thumb/v7-m/nofp/crtbegin.o
                [!provide]                        PROVIDE (__fini_array_end = .)
                0x08006954                        . = ALIGN (0x4)
                0x08006954                        _sidata = LOADADDR (.data)

.rel.dyn        0x08006954        0x0
 .rel.iplt      0x08006954        0x0 C:/ST/STM32CubeIDE_1.19.0/STM32CubeIDE/plugins/com.st.stm32cube.ide.mcu.externaltools.gnu-tools-for-stm32.13.3.rel1.win32_1.0.0.202411081344/tools/bin/../lib/gcc/arm-none-eabi/13.3.1/thumb/v7-m/nofp/crtbegin.o

.data           0x20000000       0x74 load address 0x08006954
                0x20000000                        . = ALIGN (0x4)
                0x20000000                        _sdata = .
 *(.data)
 *(.data*)
 .data.SystemCoreClock
                0x20000000        0x4 ./Core/Src/system_stm32f1xx.o
                0x20000000                SystemCoreClock
 .data.uwTickPrio
                0x20000004        0x4 ./Drivers/STM32F1xx_HAL_Driver/Src/stm32f1xx_hal.o
                0x20000004                uwTickPrio
 .data.uwTickFreq
                0x20000008        0x1 ./Drivers/STM32F1xx_HAL_Driver/Src/stm32f1xx_hal.o
                0x20000008                uwTickFreq
 *fill*         0x20000009        0x3 
 .data.USER_Driver
                0x2000000c       0x14 ./FATFS/Target/user_diskio.o
                0x2000000c                USER_Driver
 .data.Stat     0x20000020        0x1 ./FATFS/Target/user_diskio_spi.o
 *fill*         0x20000021        0x3 
 .data._impure_ptr
                0x20000024        0x4 C:/ST/STM32CubeIDE_1.19.0/STM32CubeIDE/plugins/com.st.stm32cube.ide.mcu.externaltools.gnu-tools-for-stm32.13.3.rel1.win32_1.0.0.202411081344/tools/bin/../lib/gcc/arm-none-eabi/13.3.1/../../../../arm-none-eabi/lib/thumb/v7-m/nofp\libc_nano.a(libc_a-impure.o)
                0x20000024                _impure_ptr
 .data._impure_data
                0x20000028       0x4c C:/ST/STM32CubeIDE_1.19.0/STM32CubeIDE/plugins/com.st.stm32cube.ide.mcu.externaltools.gnu-tools-for-stm32.13.3.rel1.win32_1.0.0.202411081344/tools/bin/../lib/gcc/arm-none-eabi/13.3.1/../../../../arm-none-eabi/lib/thumb/v7-m/nofp\libc_nano.a(libc_a-impure.o)
                0x20000028                _impure_data
 *(.RamFunc)
 *(.RamFunc*)
                0x20000074                        . = ALIGN (0x4)
                0x20000074                        _edata = .

.igot.plt       0x20000074        0x0 load address 0x080069c8
 .igot.plt      0x20000074        0x0 C:/ST/STM32CubeIDE_1.19.0/STM32CubeIDE/plugins/com.st.stm32cube.ide.mcu.externaltools.gnu-tools-for-stm32.13.3.rel1.win32_1.0.0.202411081344/tools/bin/../lib/gcc/arm-none-eabi/13.3.1/thumb/v7-m/nofp/crtbegin.o
                0x20000074                        . = ALIGN (0x4)

.bss            0x20000074      0x6b4 load address 0x080069c8
                0x20000074                        _sbss = .
                0x20000074                        __bss_start__ = _sbss
 *(.bss)
 .bss           0x20000074       0x1c C:/ST/STM32CubeIDE_1.19.0/STM32CubeIDE/plugins/com.st.stm32cube.ide.mcu.externaltools.gnu-tools-for-stm32.13.3.rel1.win32_1.0.0.202411081344/tools/bin/../lib/gcc/arm-none-eabi/13.3.1/thumb/v7-m/nofp/crtbegin.o
 *(.bss*)
 .bss.fatfs     0x20000090      0x234 ./Core/Src/sd_card_fs.o
                0x20000090                fatfs
 .bss.file      0x200002c4      0x22c ./Core/Src/sd_card_fs.o
                0x200002c4                file
 .bss.err       0x200004f0        0x1 ./Core/Src/sd_card_fs.o
                0x200004f0                err
 *fill*         0x200004f1        0x3 
 .bss.write_count
                0x200004f4        0x4 ./Core/Src/sd_card_fs.o
                0x200004f4                write_count
 .bss.hspi1     0x200004f8       0x58 ./Core/Src/spi.o
                0x200004f8                hspi1
 .bss.__sbrk_heap_end
                0x20000550        0x4 ./Core/Src/sysmem.o
 .bss.huart1    0x20000554       0x48 ./Core/Src/usart.o
                0x20000554                huart1
 .bss.uwTick    0x2000059c        0x4 ./Drivers/STM32F1xx_HAL_Driver/Src/stm32f1xx_hal.o
                0x2000059c                uwTick
 .bss.retUSER   0x200005a0        0x1 ./FATFS/App/fatfs.o
                0x200005a0                retUSER
 *fill*         0x200005a1        0x3 
 .bss.USERPath  0x200005a4        0x4 ./FATFS/App/fatfs.o
                0x200005a4                USERPath
 .bss.CardType  0x200005a8        0x1 ./FATFS/Target/user_diskio_spi.o
 *fill*         0x200005a9        0x3 
 .bss.spiTimerTickStart
                0x200005ac        0x4 ./FATFS/Target/user_diskio_spi.o
                0x200005ac                spiTimerTickStart
 .bss.spiTimerTickDelay
                0x200005b0        0x4 ./FATFS/Target/user_diskio_spi.o
                0x200005b0                spiTimerTickDelay
 .bss.FatFs     0x200005b4        0x4 ./Middlewares/Third_Party/FatFs/src/ff.o
 .bss.Fsid      0x200005b8        0x2 ./Middlewares/Third_Party/FatFs/src/ff.o
 *fill*         0x200005ba        0x2 
 .bss.Files     0x200005bc       0x18 ./Middlewares/Third_Party/FatFs/src/ff.o
 .bss.disk      0x200005d4        0xc ./Middlewares/Third_Party/FatFs/src/ff_gen_drv.o
                0x200005d4                disk
 .bss.__sf      0x200005e0      0x138 C:/ST/STM32CubeIDE_1.19.0/STM32CubeIDE/plugins/com.st.stm32cube.ide.mcu.externaltools.gnu-tools-for-stm32.13.3.rel1.win32_1.0.0.202411081344/tools/bin/../lib/gcc/arm-none-eabi/13.3.1/../../../../arm-none-eabi/lib/thumb/v7-m/nofp\libc_nano.a(libc_a-findfp.o)
                0x200005e0                __sf
 .bss.errno     0x20000718        0x4 C:/ST/STM32CubeIDE_1.19.0/STM32CubeIDE/plugins/com.st.stm32cube.ide.mcu.externaltools.gnu-tools-for-stm32.13.3.rel1.win32_1.0.0.202411081344/tools/bin/../lib/gcc/arm-none-eabi/13.3.1/../../../../arm-none-eabi/lib/thumb/v7-m/nofp\libc_nano.a(libc_a-reent.o)
                0x20000718                errno
 .bss.__lock___malloc_recursive_mutex
                0x2000071c        0x1 C:/ST/STM32CubeIDE_1.19.0/STM32CubeIDE/plugins/com.st.stm32cube.ide.mcu.externaltools.gnu-tools-for-stm32.13.3.rel1.win32_1.0.0.202411081344/tools/bin/../lib/gcc/arm-none-eabi/13.3.1/../../../../arm-none-eabi/lib/thumb/v7-m/nofp\libc_nano.a(libc_a-lock.o)
                0x2000071c                __lock___malloc_recursive_mutex
 *fill*         0x2000071d        0x3 
 .bss.__malloc_sbrk_start
                0x20000720        0x4 C:/ST/STM32CubeIDE_1.19.0/STM32CubeIDE/plugins/com.st.stm32cube.ide.mcu.externaltools.gnu-tools-for-stm32.13.3.rel1.win32_1.0.0.202411081344/tools/bin/../lib/gcc/arm-none-eabi/13.3.1/../../../../arm-none-eabi/lib/thumb/v7-m/nofp\libc_nano.a(libc_a-mallocr.o)
                0x20000720                __malloc_sbrk_start
 .bss.__malloc_free_list
                0x20000724        0x4 C:/ST/STM32CubeIDE_1.19.0/STM32CubeIDE/plugins/com.st.stm32cube.ide.mcu.externaltools.gnu-tools-for-stm32.13.3.rel1.win32_1.0.0.202411081344/tools/bin/../lib/gcc/arm-none-eabi/13.3.1/../../../../arm-none-eabi/lib/thumb/v7-m/nofp\libc_nano.a(libc_a-mallocr.o)
                0x20000724                __malloc_free_list
 *(COMMON)
                0x20000728                        . = ALIGN (0x4)
                0x20000728                        _ebss = .
                0x20000728                        __bss_end__ = _ebss

._user_heap_stack
                0x20000728      0x600 load address 0x080069c8
                0x20000728                        . = ALIGN (0x8)
                [!provide]                        PROVIDE (end = .)
                0x20000728                        PROVIDE (_end = .)
                0x20000928                        . = (. + _Min_Heap_Size)
 *fill*         0x20000728      0x200 
                0x20000d28                        . = (. + _Min_Stack_Size)
 *fill*         0x20000928      0x400 
                0x20000d28                        . = ALIGN (0x8)

/DISCARD/
 libc.a(*)
 libm.a(*)
 libgcc.a(*)

.ARM.attributes
                0x00000000       0x29
 *(.ARM.attributes)
 .ARM.attributes
                0x00000000       0x1d C:/ST/STM32CubeIDE_1.19.0/STM32CubeIDE/plugins/com.st.stm32cube.ide.mcu.externaltools.gnu-tools-for-stm32.13.3.rel1.win32_1.0.0.202411081344/tools/bin/../lib/gcc/arm-none-eabi/13.3.1/thumb/v7-m/nofp/crti.o
 .ARM.attributes
                0x0000001d       0x2d C:/ST/STM32CubeIDE_1.19.0/STM32CubeIDE/plugins/com.st.stm32cube.ide.mcu.externaltools.gnu-tools-for-stm32.13.3.rel1.win32_1.0.0.202411081344/tools/bin/../lib/gcc/arm-none-eabi/13.3.1/thumb/v7-m/nofp/crtbegin.o
 .ARM.attributes
                0x0000004a       0x2d ./Core/Src/gpio.o
 .ARM.attributes
                0x00000077       0x2d ./Core/Src/main.o
 .ARM.attributes
                0x000000a4       0x2d ./Core/Src/sd_card_fs.o
 .ARM.attributes
                0x000000d1       0x2d ./Core/Src/spi.o
 .ARM.attributes
                0x000000fe       0x2d ./Core/Src/stm32f1xx_hal_msp.o
 .ARM.attributes
                0x0000012b       0x2d ./Core/Src/stm32f1xx_it.o
 .ARM.attributes
                0x00000158       0x2d ./Core/Src/sysmem.o
 .ARM.attributes
                0x00000185       0x2d ./Core/Src/system_stm32f1xx.o
 .ARM.attributes
                0x000001b2       0x2d ./Core/Src/usart.o
 .ARM.attributes
                0x000001df       0x21 ./Core/Startup/startup_stm32f103c8tx.o
 .ARM.attributes
                0x00000200       0x2d ./Drivers/STM32F1xx_HAL_Driver/Src/stm32f1xx_hal.o
 .ARM.attributes
                0x0000022d       0x2d ./Drivers/STM32F1xx_HAL_Driver/Src/stm32f1xx_hal_cortex.o
 .ARM.attributes
                0x0000025a       0x2d ./Drivers/STM32F1xx_HAL_Driver/Src/stm32f1xx_hal_gpio.o
 .ARM.attributes
                0x00000287       0x2d ./Drivers/STM32F1xx_HAL_Driver/Src/stm32f1xx_hal_rcc.o
 .ARM.attributes
                0x000002b4       0x2d ./Drivers/STM32F1xx_HAL_Driver/Src/stm32f1xx_hal_spi.o
 .ARM.attributes
                0x000002e1       0x2d ./Drivers/STM32F1xx_HAL_Driver/Src/stm32f1xx_hal_uart.o
 .ARM.attributes
                0x0000030e       0x2d ./FATFS/App/fatfs.o
 .ARM.attributes
                0x0000033b       0x2d ./FATFS/Target/user_diskio.o
 .ARM.attributes
                0x00000368       0x2d ./FATFS/Target/user_diskio_spi.o
 .ARM.attributes
                0x00000395       0x2d ./Middlewares/Third_Party/FatFs/src/diskio.o
 .ARM.attributes
                0x000003c2       0x2d ./Middlewares/Third_Party/FatFs/src/ff.o
 .ARM.attributes
                0x000003ef       0x2d ./Middlewares/Third_Party/FatFs/src/ff_gen_drv.o
 .ARM.attributes
                0x0000041c       0x2d C:/ST/STM32CubeIDE_1.19.0/STM32CubeIDE/plugins/com.st.stm32cube.ide.mcu.externaltools.gnu-tools-for-stm32.13.3.rel1.win32_1.0.0.202411081344/tools/bin/../lib/gcc/arm-none-eabi/13.3.1/../../../../arm-none-eabi/lib/thumb/v7-m/nofp\libc_nano.a(libc_a-findfp.o)
 .ARM.attributes
                0x00000449       0x2d C:/ST/STM32CubeIDE_1.19.0/STM32CubeIDE/plugins/com.st.stm32cube.ide.mcu.externaltools.gnu-tools-for-stm32.13.3.rel1.win32_1.0.0.202411081344/tools/bin/../lib/gcc/arm-none-eabi/13.3.1/../../../../arm-none-eabi/lib/thumb/v7-m/nofp\libc_nano.a(libc_a-sprintf.o)
 .ARM.attributes
                0x00000476       0x2d C:/ST/STM32CubeIDE_1.19.0/STM32CubeIDE/plugins/com.st.stm32cube.ide.mcu.externaltools.gnu-tools-for-stm32.13.3.rel1.win32_1.0.0.202411081344/tools/bin/../lib/gcc/arm-none-eabi/13.3.1/../../../../arm-none-eabi/lib/thumb/v7-m/nofp\libc_nano.a(libc_a-memset.o)
 .ARM.attributes
                0x000004a3       0x2d C:/ST/STM32CubeIDE_1.19.0/STM32CubeIDE/plugins/com.st.stm32cube.ide.mcu.externaltools.gnu-tools-for-stm32.13.3.rel1.win32_1.0.0.202411081344/tools/bin/../lib/gcc/arm-none-eabi/13.3.1/../../../../arm-none-eabi/lib/thumb/v7-m/nofp\libc_nano.a(libc_a-reent.o)
 .ARM.attributes
                0x000004d0       0x2d C:/ST/STM32CubeIDE_1.19.0/STM32CubeIDE/plugins/com.st.stm32cube.ide.mcu.externaltools.gnu-tools-for-stm32.13.3.rel1.win32_1.0.0.202411081344/tools/bin/../lib/gcc/arm-none-eabi/13.3.1/../../../../arm-none-eabi/lib/thumb/v7-m/nofp\libc_nano.a(libc_a-impure.o)
 .ARM.attributes
                0x000004fd       0x2d C:/ST/STM32CubeIDE_1.19.0/STM32CubeIDE/plugins/com.st.stm32cube.ide.mcu.externaltools.gnu-tools-for-stm32.13.3.rel1.win32_1.0.0.202411081344/tools/bin/../lib/gcc/arm-none-eabi/13.3.1/../../../../arm-none-eabi/lib/thumb/v7-m/nofp\libc_nano.a(libc_a-errno.o)
 .ARM.attributes
                0x0000052a       0x2d C:/ST/STM32CubeIDE_1.19.0/STM32CubeIDE/plugins/com.st.stm32cube.ide.mcu.externaltools.gnu-tools-for-stm32.13.3.rel1.win32_1.0.0.202411081344/tools/bin/../lib/gcc/arm-none-eabi/13.3.1/../../../../arm-none-eabi/lib/thumb/v7-m/nofp\libc_nano.a(libc_a-init.o)
 .ARM.attributes
                0x00000557       0x2d C:/ST/STM32CubeIDE_1.19.0/STM32CubeIDE/plugins/com.st.stm32cube.ide.mcu.externaltools.gnu-tools-for-stm32.13.3.rel1.win32_1.0.0.202411081344/tools/bin/../lib/gcc/arm-none-eabi/13.3.1/../../../../arm-none-eabi/lib/thumb/v7-m/nofp\libc_nano.a(libc_a-lock.o)
 .ARM.attributes
                0x00000584       0x2d C:/ST/STM32CubeIDE_1.19.0/STM32CubeIDE/plugins/com.st.stm32cube.ide.mcu.externaltools.gnu-tools-for-stm32.13.3.rel1.win32_1.0.0.202411081344/tools/bin/../lib/gcc/arm-none-eabi/13.3.1/../../../../arm-none-eabi/lib/thumb/v7-m/nofp\libc_nano.a(libc_a-strcpy.o)
 .ARM.attributes
                0x000005b1       0x17 C:/ST/STM32CubeIDE_1.19.0/STM32CubeIDE/plugins/com.st.stm32cube.ide.mcu.externaltools.gnu-tools-for-stm32.13.3.rel1.win32_1.0.0.202411081344/tools/bin/../lib/gcc/arm-none-eabi/13.3.1/../../../../arm-none-eabi/lib/thumb/v7-m/nofp\libc_nano.a(libc_a-strlen.o)
 .ARM.attributes
                0x000005c8       0x2d C:/ST/STM32CubeIDE_1.19.0/STM32CubeIDE/plugins/com.st.stm32cube.ide.mcu.externaltools.gnu-tools-for-stm32.13.3.rel1.win32_1.0.0.202411081344/tools/bin/../lib/gcc/arm-none-eabi/13.3.1/../../../../arm-none-eabi/lib/thumb/v7-m/nofp\libc_nano.a(libc_a-freer.o)
 .ARM.attributes
                0x000005f5       0x2d C:/ST/STM32CubeIDE_1.19.0/STM32CubeIDE/plugins/com.st.stm32cube.ide.mcu.externaltools.gnu-tools-for-stm32.13.3.rel1.win32_1.0.0.202411081344/tools/bin/../lib/gcc/arm-none-eabi/13.3.1/../../../../arm-none-eabi/lib/thumb/v7-m/nofp\libc_nano.a(libc_a-mallocr.o)
 .ARM.attributes
                0x00000622       0x2d C:/ST/STM32CubeIDE_1.19.0/STM32CubeIDE/plugins/com.st.stm32cube.ide.mcu.externaltools.gnu-tools-for-stm32.13.3.rel1.win32_1.0.0.202411081344/tools/bin/../lib/gcc/arm-none-eabi/13.3.1/../../../../arm-none-eabi/lib/thumb/v7-m/nofp\libc_nano.a(libc_a-mlock.o)
 .ARM.attributes
                0x0000064f       0x2d C:/ST/STM32CubeIDE_1.19.0/STM32CubeIDE/plugins/com.st.stm32cube.ide.mcu.externaltools.gnu-tools-for-stm32.13.3.rel1.win32_1.0.0.202411081344/tools/bin/../lib/gcc/arm-none-eabi/13.3.1/../../../../arm-none-eabi/lib/thumb/v7-m/nofp\libc_nano.a(libc_a-nano-svfprintf.o)
 .ARM.attributes
                0x0000067c       0x2d C:/ST/STM32CubeIDE_1.19.0/STM32CubeIDE/plugins/com.st.stm32cube.ide.mcu.externaltools.gnu-tools-for-stm32.13.3.rel1.win32_1.0.0.202411081344/tools/bin/../lib/gcc/arm-none-eabi/13.3.1/../../../../arm-none-eabi/lib/thumb/v7-m/nofp\libc_nano.a(libc_a-nano-vfprintf_i.o)
 .ARM.attributes
                0x000006a9       0x2d C:/ST/STM32CubeIDE_1.19.0/STM32CubeIDE/plugins/com.st.stm32cube.ide.mcu.externaltools.gnu-tools-for-stm32.13.3.rel1.win32_1.0.0.202411081344/tools/bin/../lib/gcc/arm-none-eabi/13.3.1/../../../../arm-none-eabi/lib/thumb/v7-m/nofp\libc_nano.a(libc_a-memmove.o)
 .ARM.attributes
                0x000006d6       0x2d C:/ST/STM32CubeIDE_1.19.0/STM32CubeIDE/plugins/com.st.stm32cube.ide.mcu.externaltools.gnu-tools-for-stm32.13.3.rel1.win32_1.0.0.202411081344/tools/bin/../lib/gcc/arm-none-eabi/13.3.1/../../../../arm-none-eabi/lib/thumb/v7-m/nofp\libc_nano.a(libc_a-sbrkr.o)
 .ARM.attributes
                0x00000703       0x2d C:/ST/STM32CubeIDE_1.19.0/STM32CubeIDE/plugins/com.st.stm32cube.ide.mcu.externaltools.gnu-tools-for-stm32.13.3.rel1.win32_1.0.0.202411081344/tools/bin/../lib/gcc/arm-none-eabi/13.3.1/../../../../arm-none-eabi/lib/thumb/v7-m/nofp\libc_nano.a(libc_a-memchr-stub.o)
 .ARM.attributes
                0x00000730       0x2d C:/ST/STM32CubeIDE_1.19.0/STM32CubeIDE/plugins/com.st.stm32cube.ide.mcu.externaltools.gnu-tools-for-stm32.13.3.rel1.win32_1.0.0.202411081344/tools/bin/../lib/gcc/arm-none-eabi/13.3.1/../../../../arm-none-eabi/lib/thumb/v7-m/nofp\libc_nano.a(libc_a-memcpy-stub.o)
 .ARM.attributes
                0x0000075d       0x2d C:/ST/STM32CubeIDE_1.19.0/STM32CubeIDE/plugins/com.st.stm32cube.ide.mcu.externaltools.gnu-tools-for-stm32.13.3.rel1.win32_1.0.0.202411081344/tools/bin/../lib/gcc/arm-none-eabi/13.3.1/../../../../arm-none-eabi/lib/thumb/v7-m/nofp\libc_nano.a(libc_a-reallocr.o)
 .ARM.attributes
                0x0000078a       0x2d C:/ST/STM32CubeIDE_1.19.0/STM32CubeIDE/plugins/com.st.stm32cube.ide.mcu.externaltools.gnu-tools-for-stm32.13.3.rel1.win32_1.0.0.202411081344/tools/bin/../lib/gcc/arm-none-eabi/13.3.1/../../../../arm-none-eabi/lib/thumb/v7-m/nofp\libc_nano.a(libc_a-msizer.o)
 .ARM.attributes
                0x000007b7       0x1d C:/ST/STM32CubeIDE_1.19.0/STM32CubeIDE/plugins/com.st.stm32cube.ide.mcu.externaltools.gnu-tools-for-stm32.13.3.rel1.win32_1.0.0.202411081344/tools/bin/../lib/gcc/arm-none-eabi/13.3.1/thumb/v7-m/nofp/crtn.o
OUTPUT(test_fatfs.elf elf32-littlearm)
LOAD linker stubs
LOAD C:/ST/STM32CubeIDE_1.19.0/STM32CubeIDE/plugins/com.st.stm32cube.ide.mcu.externaltools.gnu-tools-for-stm32.13.3.rel1.win32_1.0.0.202411081344/tools/bin/../lib/gcc/arm-none-eabi/13.3.1/../../../../arm-none-eabi/lib/thumb/v7-m/nofp\libc.a
LOAD C:/ST/STM32CubeIDE_1.19.0/STM32CubeIDE/plugins/com.st.stm32cube.ide.mcu.externaltools.gnu-tools-for-stm32.13.3.rel1.win32_1.0.0.202411081344/tools/bin/../lib/gcc/arm-none-eabi/13.3.1/../../../../arm-none-eabi/lib/thumb/v7-m/nofp\libm.a
LOAD C:/ST/STM32CubeIDE_1.19.0/STM32CubeIDE/plugins/com.st.stm32cube.ide.mcu.externaltools.gnu-tools-for-stm32.13.3.rel1.win32_1.0.0.202411081344/tools/bin/../lib/gcc/arm-none-eabi/13.3.1/thumb/v7-m/nofp\libgcc.a

.debug_info     0x00000000     0xd26c
 .debug_info    0x00000000      0x29b ./Core/Src/gpio.o
 .debug_info    0x0000029b      0x8a0 ./Core/Src/main.o
 .debug_info    0x00000b3b     0x118e ./Core/Src/sd_card_fs.o
 .debug_info    0x00001cc9      0x7bc ./Core/Src/spi.o
 .debug_info    0x00002485      0x1f1 ./Core/Src/stm32f1xx_hal_msp.o
 .debug_info    0x00002676      0x113 ./Core/Src/stm32f1xx_it.o
 .debug_info    0x00002789      0x168 ./Core/Src/sysmem.o
 .debug_info    0x000028f1      0x222 ./Core/Src/system_stm32f1xx.o
 .debug_info    0x00002b13      0x798 ./Core/Src/usart.o
 .debug_info    0x000032ab       0x30 ./Core/Startup/startup_stm32f103c8tx.o
 .debug_info    0x000032db      0x704 ./Drivers/STM32F1xx_HAL_Driver/Src/stm32f1xx_hal.o
 .debug_info    0x000039df      0xa87 ./Drivers/STM32F1xx_HAL_Driver/Src/stm32f1xx_hal_cortex.o
 .debug_info    0x00004466      0x5ab ./Drivers/STM32F1xx_HAL_Driver/Src/stm32f1xx_hal_gpio.o
 .debug_info    0x00004a11      0x7d5 ./Drivers/STM32F1xx_HAL_Driver/Src/stm32f1xx_hal_rcc.o
 .debug_info    0x000051e6     0x142d ./Drivers/STM32F1xx_HAL_Driver/Src/stm32f1xx_hal_spi.o
 .debug_info    0x00006613     0x2eed ./Drivers/STM32F1xx_HAL_Driver/Src/stm32f1xx_hal_uart.o
 .debug_info    0x00009500      0x4dc ./FATFS/App/fatfs.o
 .debug_info    0x000099dc      0x3aa ./FATFS/Target/user_diskio.o
 .debug_info    0x00009d86      0xba2 ./FATFS/Target/user_diskio_spi.o
 .debug_info    0x0000a928      0x3da ./Middlewares/Third_Party/FatFs/src/diskio.o
 .debug_info    0x0000ad02     0x21f0 ./Middlewares/Third_Party/FatFs/src/ff.o
 .debug_info    0x0000cef2      0x37a ./Middlewares/Third_Party/FatFs/src/ff_gen_drv.o

.debug_abbrev   0x00000000     0x28b6
 .debug_abbrev  0x00000000      0x13f ./Core/Src/gpio.o
 .debug_abbrev  0x0000013f      0x241 ./Core/Src/main.o
 .debug_abbrev  0x00000380      0x315 ./Core/Src/sd_card_fs.o
 .debug_abbrev  0x00000695      0x1e7 ./Core/Src/spi.o
 .debug_abbrev  0x0000087c       0xdb ./Core/Src/stm32f1xx_hal_msp.o
 .debug_abbrev  0x00000957       0x73 ./Core/Src/stm32f1xx_it.o
 .debug_abbrev  0x000009ca       0xbc ./Core/Src/sysmem.o
 .debug_abbrev  0x00000a86      0x13f ./Core/Src/system_stm32f1xx.o
 .debug_abbrev  0x00000bc5      0x1e6 ./Core/Src/usart.o
 .debug_abbrev  0x00000dab       0x24 ./Core/Startup/startup_stm32f103c8tx.o
 .debug_abbrev  0x00000dcf      0x201 ./Drivers/STM32F1xx_HAL_Driver/Src/stm32f1xx_hal.o
 .debug_abbrev  0x00000fd0      0x2f8 ./Drivers/STM32F1xx_HAL_Driver/Src/stm32f1xx_hal_cortex.o
 .debug_abbrev  0x000012c8      0x1ca ./Drivers/STM32F1xx_HAL_Driver/Src/stm32f1xx_hal_gpio.o
 .debug_abbrev  0x00001492      0x2b3 ./Drivers/STM32F1xx_HAL_Driver/Src/stm32f1xx_hal_rcc.o
 .debug_abbrev  0x00001745      0x27a ./Drivers/STM32F1xx_HAL_Driver/Src/stm32f1xx_hal_spi.o
 .debug_abbrev  0x000019bf      0x2f8 ./Drivers/STM32F1xx_HAL_Driver/Src/stm32f1xx_hal_uart.o
 .debug_abbrev  0x00001cb7      0x1a8 ./FATFS/App/fatfs.o
 .debug_abbrev  0x00001e5f      0x143 ./FATFS/Target/user_diskio.o
 .debug_abbrev  0x00001fa2      0x31a ./FATFS/Target/user_diskio_spi.o
 .debug_abbrev  0x000022bc      0x181 ./Middlewares/Third_Party/FatFs/src/diskio.o
 .debug_abbrev  0x0000243d      0x2da ./Middlewares/Third_Party/FatFs/src/ff.o
 .debug_abbrev  0x00002717      0x19f ./Middlewares/Third_Party/FatFs/src/ff_gen_drv.o

.debug_aranges  0x00000000      0xc50
 .debug_aranges
                0x00000000       0x20 ./Core/Src/gpio.o
 .debug_aranges
                0x00000020       0x30 ./Core/Src/main.o
 .debug_aranges
                0x00000050       0x90 ./Core/Src/sd_card_fs.o
 .debug_aranges
                0x000000e0       0x30 ./Core/Src/spi.o
 .debug_aranges
                0x00000110       0x20 ./Core/Src/stm32f1xx_hal_msp.o
 .debug_aranges
                0x00000130       0x60 ./Core/Src/stm32f1xx_it.o
 .debug_aranges
                0x00000190       0x20 ./Core/Src/sysmem.o
 .debug_aranges
                0x000001b0       0x28 ./Core/Src/system_stm32f1xx.o
 .debug_aranges
                0x000001d8       0x30 ./Core/Src/usart.o
 .debug_aranges
                0x00000208       0x28 ./Core/Startup/startup_stm32f103c8tx.o
 .debug_aranges
                0x00000230       0xe0 ./Drivers/STM32F1xx_HAL_Driver/Src/stm32f1xx_hal.o
 .debug_aranges
                0x00000310      0x100 ./Drivers/STM32F1xx_HAL_Driver/Src/stm32f1xx_hal_cortex.o
 .debug_aranges
                0x00000410       0x58 ./Drivers/STM32F1xx_HAL_Driver/Src/stm32f1xx_hal_gpio.o
 .debug_aranges
                0x00000468       0x90 ./Drivers/STM32F1xx_HAL_Driver/Src/stm32f1xx_hal_rcc.o
 .debug_aranges
                0x000004f8      0x1d0 ./Drivers/STM32F1xx_HAL_Driver/Src/stm32f1xx_hal_spi.o
 .debug_aranges
                0x000006c8      0x208 ./Drivers/STM32F1xx_HAL_Driver/Src/stm32f1xx_hal_uart.o
 .debug_aranges
                0x000008d0       0x28 ./FATFS/App/fatfs.o
 .debug_aranges
                0x000008f8       0x40 ./FATFS/Target/user_diskio.o
 .debug_aranges
                0x00000938       0x98 ./FATFS/Target/user_diskio_spi.o
 .debug_aranges
                0x000009d0       0x48 ./Middlewares/Third_Party/FatFs/src/diskio.o
 .debug_aranges
                0x00000a18      0x1f8 ./Middlewares/Third_Party/FatFs/src/ff.o
 .debug_aranges
                0x00000c10       0x40 ./Middlewares/Third_Party/FatFs/src/ff_gen_drv.o

.debug_rnglists
                0x00000000      0x962
 .debug_rnglists
                0x00000000       0x13 ./Core/Src/gpio.o
 .debug_rnglists
                0x00000013       0x20 ./Core/Src/main.o
 .debug_rnglists
                0x00000033       0x70 ./Core/Src/sd_card_fs.o
 .debug_rnglists
                0x000000a3       0x20 ./Core/Src/spi.o
 .debug_rnglists
                0x000000c3       0x13 ./Core/Src/stm32f1xx_hal_msp.o
 .debug_rnglists
                0x000000d6       0x43 ./Core/Src/stm32f1xx_it.o
 .debug_rnglists
                0x00000119       0x13 ./Core/Src/sysmem.o
 .debug_rnglists
                0x0000012c       0x1a ./Core/Src/system_stm32f1xx.o
 .debug_rnglists
                0x00000146       0x20 ./Core/Src/usart.o
 .debug_rnglists
                0x00000166       0x19 ./Core/Startup/startup_stm32f103c8tx.o
 .debug_rnglists
                0x0000017f       0xa3 ./Drivers/STM32F1xx_HAL_Driver/Src/stm32f1xx_hal.o
 .debug_rnglists
                0x00000222       0xbb ./Drivers/STM32F1xx_HAL_Driver/Src/stm32f1xx_hal_cortex.o
 .debug_rnglists
                0x000002dd       0x3f ./Drivers/STM32F1xx_HAL_Driver/Src/stm32f1xx_hal_gpio.o
 .debug_rnglists
                0x0000031c       0x6c ./Drivers/STM32F1xx_HAL_Driver/Src/stm32f1xx_hal_rcc.o
 .debug_rnglists
                0x00000388      0x16e ./Drivers/STM32F1xx_HAL_Driver/Src/stm32f1xx_hal_spi.o
 .debug_rnglists
                0x000004f6      0x1bc ./Drivers/STM32F1xx_HAL_Driver/Src/stm32f1xx_hal_uart.o
 .debug_rnglists
                0x000006b2       0x19 ./FATFS/App/fatfs.o
 .debug_rnglists
                0x000006cb       0x2b ./FATFS/Target/user_diskio.o
 .debug_rnglists
                0x000006f6       0x72 ./FATFS/Target/user_diskio_spi.o
 .debug_rnglists
                0x00000768       0x31 ./Middlewares/Third_Party/FatFs/src/diskio.o
 .debug_rnglists
                0x00000799      0x19d ./Middlewares/Third_Party/FatFs/src/ff.o
 .debug_rnglists
                0x00000936       0x2c ./Middlewares/Third_Party/FatFs/src/ff_gen_drv.o

.debug_macro    0x00000000    0x18ab9
 .debug_macro   0x00000000      0x1b1 ./Core/Src/gpio.o
 .debug_macro   0x000001b1      0xacc ./Core/Src/gpio.o
 .debug_macro   0x00000c7d      0x21b ./Core/Src/gpio.o
 .debug_macro   0x00000e98       0x2e ./Core/Src/gpio.o
 .debug_macro   0x00000ec6       0x22 ./Core/Src/gpio.o
 .debug_macro   0x00000ee8       0x22 ./Core/Src/gpio.o
 .debug_macro   0x00000f0a       0x8e ./Core/Src/gpio.o
 .debug_macro   0x00000f98       0x51 ./Core/Src/gpio.o
 .debug_macro   0x00000fe9      0x103 ./Core/Src/gpio.o
 .debug_macro   0x000010ec       0x6a ./Core/Src/gpio.o
 .debug_macro   0x00001156      0x1df ./Core/Src/gpio.o
 .debug_macro   0x00001335       0x1c ./Core/Src/gpio.o
 .debug_macro   0x00001351       0x22 ./Core/Src/gpio.o
 .debug_macro   0x00001373       0xbd ./Core/Src/gpio.o
 .debug_macro   0x00001430      0xd23 ./Core/Src/gpio.o
 .debug_macro   0x00002153     0xe09e ./Core/Src/gpio.o
 .debug_macro   0x000101f1       0x6d ./Core/Src/gpio.o
 .debug_macro   0x0001025e     0x34a2 ./Core/Src/gpio.o
 .debug_macro   0x00013700      0x190 ./Core/Src/gpio.o
 .debug_macro   0x00013890       0x5c ./Core/Src/gpio.o
 .debug_macro   0x000138ec      0x5bc ./Core/Src/gpio.o
 .debug_macro   0x00013ea8      0x289 ./Core/Src/gpio.o
 .debug_macro   0x00014131      0x1cb ./Core/Src/gpio.o
 .debug_macro   0x000142fc      0x114 ./Core/Src/gpio.o
 .debug_macro   0x00014410      0x1b2 ./Core/Src/gpio.o
 .debug_macro   0x000145c2       0x27 ./Core/Src/gpio.o
 .debug_macro   0x000145e9      0x136 ./Core/Src/gpio.o
 .debug_macro   0x0001471f      0x1bc ./Core/Src/gpio.o
 .debug_macro   0x000148db       0x34 ./Core/Src/gpio.o
 .debug_macro   0x0001490f       0x3c ./Core/Src/gpio.o
 .debug_macro   0x0001494b       0x57 ./Core/Src/gpio.o
 .debug_macro   0x000149a2       0x87 ./Core/Src/gpio.o
 .debug_macro   0x00014a29      0x240 ./Core/Src/gpio.o
 .debug_macro   0x00014c69      0x140 ./Core/Src/gpio.o
 .debug_macro   0x00014da9      0x217 ./Core/Src/gpio.o
 .debug_macro   0x00014fc0      0x28e ./Core/Src/gpio.o
 .debug_macro   0x0001524e       0x83 ./Core/Src/gpio.o
 .debug_macro   0x000152d1       0x3a ./Core/Src/gpio.o
 .debug_macro   0x0001530b      0x2ee ./Core/Src/main.o
 .debug_macro   0x000155f9       0xde ./Core/Src/main.o
 .debug_macro   0x000156d7       0xf5 ./Core/Src/main.o
 .debug_macro   0x000157cc       0x8e ./Core/Src/main.o
 .debug_macro   0x0001585a       0x61 ./Core/Src/main.o
 .debug_macro   0x000158bb       0x24 ./Core/Src/main.o
 .debug_macro   0x000158df       0x43 ./Core/Src/main.o
 .debug_macro   0x00015922       0x34 ./Core/Src/main.o
 .debug_macro   0x00015956      0x370 ./Core/Src/main.o
 .debug_macro   0x00015cc6       0x16 ./Core/Src/main.o
 .debug_macro   0x00015cdc       0x4a ./Core/Src/main.o
 .debug_macro   0x00015d26       0x34 ./Core/Src/main.o
 .debug_macro   0x00015d5a       0x10 ./Core/Src/main.o
 .debug_macro   0x00015d6a       0x58 ./Core/Src/main.o
 .debug_macro   0x00015dc2       0x8e ./Core/Src/main.o
 .debug_macro   0x00015e50       0x1c ./Core/Src/main.o
 .debug_macro   0x00015e6c      0x185 ./Core/Src/main.o
 .debug_macro   0x00015ff1       0x10 ./Core/Src/main.o
 .debug_macro   0x00016001       0x3c ./Core/Src/main.o
 .debug_macro   0x0001603d       0x20 ./Core/Src/main.o
 .debug_macro   0x0001605d      0x2d2 ./Core/Src/sd_card_fs.o
 .debug_macro   0x0001632f       0x56 ./Core/Src/sd_card_fs.o
 .debug_macro   0x00016385       0xd8 ./Core/Src/sd_card_fs.o
 .debug_macro   0x0001645d      0x1b1 ./Core/Src/spi.o
 .debug_macro   0x0001660e      0x1a7 ./Core/Src/stm32f1xx_hal_msp.o
 .debug_macro   0x000167b5      0x1b1 ./Core/Src/stm32f1xx_it.o
 .debug_macro   0x00016966      0x112 ./Core/Src/sysmem.o
 .debug_macro   0x00016a78      0x23c ./Core/Src/sysmem.o
 .debug_macro   0x00016cb4      0x198 ./Core/Src/system_stm32f1xx.o
 .debug_macro   0x00016e4c      0x1b1 ./Core/Src/usart.o
 .debug_macro   0x00016ffd      0x1bc ./Drivers/STM32F1xx_HAL_Driver/Src/stm32f1xx_hal.o
 .debug_macro   0x000171b9      0x198 ./Drivers/STM32F1xx_HAL_Driver/Src/stm32f1xx_hal_cortex.o
 .debug_macro   0x00017351      0x203 ./Drivers/STM32F1xx_HAL_Driver/Src/stm32f1xx_hal_gpio.o
 .debug_macro   0x00017554      0x1aa ./Drivers/STM32F1xx_HAL_Driver/Src/stm32f1xx_hal_rcc.o
 .debug_macro   0x000176fe      0x1a0 ./Drivers/STM32F1xx_HAL_Driver/Src/stm32f1xx_hal_spi.o
 .debug_macro   0x0001789e      0x199 ./Drivers/STM32F1xx_HAL_Driver/Src/stm32f1xx_hal_uart.o
 .debug_macro   0x00017a37      0x1fa ./FATFS/App/fatfs.o
 .debug_macro   0x00017c31      0x2c1 ./FATFS/Target/user_diskio.o
 .debug_macro   0x00017ef2       0x16 ./FATFS/Target/user_diskio.o
 .debug_macro   0x00017f08       0x7c ./FATFS/Target/user_diskio.o
 .debug_macro   0x00017f84      0x2a1 ./FATFS/Target/user_diskio_spi.o
 .debug_macro   0x00018225       0x40 ./FATFS/Target/user_diskio_spi.o
 .debug_macro   0x00018265      0x1e7 ./Middlewares/Third_Party/FatFs/src/diskio.o
 .debug_macro   0x0001844c      0x42e ./Middlewares/Third_Party/FatFs/src/ff.o
 .debug_macro   0x0001887a       0x58 ./Middlewares/Third_Party/FatFs/src/ff.o
 .debug_macro   0x000188d2      0x1e7 ./Middlewares/Third_Party/FatFs/src/ff_gen_drv.o

.debug_line     0x00000000    0x1177d
 .debug_line    0x00000000      0x6f0 ./Core/Src/gpio.o
 .debug_line    0x000006f0      0x98d ./Core/Src/main.o
 .debug_line    0x0000107d      0xc37 ./Core/Src/sd_card_fs.o
 .debug_line    0x00001cb4      0x75e ./Core/Src/spi.o
 .debug_line    0x00002412      0x6e3 ./Core/Src/stm32f1xx_hal_msp.o
 .debug_line    0x00002af5      0x791 ./Core/Src/stm32f1xx_it.o
 .debug_line    0x00003286      0x588 ./Core/Src/sysmem.o
 .debug_line    0x0000380e      0x761 ./Core/Src/system_stm32f1xx.o
 .debug_line    0x00003f6f      0x756 ./Core/Src/usart.o
 .debug_line    0x000046c5       0x78 ./Core/Startup/startup_stm32f103c8tx.o
 .debug_line    0x0000473d      0x992 ./Drivers/STM32F1xx_HAL_Driver/Src/stm32f1xx_hal.o
 .debug_line    0x000050cf      0xb5c ./Drivers/STM32F1xx_HAL_Driver/Src/stm32f1xx_hal_cortex.o
 .debug_line    0x00005c2b      0x9ef ./Drivers/STM32F1xx_HAL_Driver/Src/stm32f1xx_hal_gpio.o
 .debug_line    0x0000661a      0xe4b ./Drivers/STM32F1xx_HAL_Driver/Src/stm32f1xx_hal_rcc.o
 .debug_line    0x00007465     0x1c29 ./Drivers/STM32F1xx_HAL_Driver/Src/stm32f1xx_hal_spi.o
 .debug_line    0x0000908e     0x24ae ./Drivers/STM32F1xx_HAL_Driver/Src/stm32f1xx_hal_uart.o
 .debug_line    0x0000b53c      0x782 ./FATFS/App/fatfs.o
 .debug_line    0x0000bcbe      0x918 ./FATFS/Target/user_diskio.o
 .debug_line    0x0000c5d6      0xebe ./FATFS/Target/user_diskio_spi.o
 .debug_line    0x0000d494      0x7ef ./Middlewares/Third_Party/FatFs/src/diskio.o
 .debug_line    0x0000dc83     0x32ee ./Middlewares/Third_Party/FatFs/src/ff.o
 .debug_line    0x00010f71      0x80c ./Middlewares/Third_Party/FatFs/src/ff_gen_drv.o

.debug_str      0x00000000    0x85434
 .debug_str     0x00000000    0x85434 ./Core/Src/gpio.o
                              0x7dfb8 (size before relaxing)
 .debug_str     0x00085434    0x81fb7 ./Core/Src/main.o
 .debug_str     0x00085434    0x82115 ./Core/Src/sd_card_fs.o
 .debug_str     0x00085434    0x7e3c9 ./Core/Src/spi.o
 .debug_str     0x00085434    0x7df40 ./Core/Src/stm32f1xx_hal_msp.o
 .debug_str     0x00085434    0x7df55 ./Core/Src/stm32f1xx_it.o
 .debug_str     0x00085434     0x7730 ./Core/Src/sysmem.o
 .debug_str     0x00085434    0x7dea1 ./Core/Src/system_stm32f1xx.o
 .debug_str     0x00085434    0x7e400 ./Core/Src/usart.o
 .debug_str     0x00085434       0x8a ./Core/Startup/startup_stm32f103c8tx.o
 .debug_str     0x00085434    0x7e5d4 ./Drivers/STM32F1xx_HAL_Driver/Src/stm32f1xx_hal.o
 .debug_str     0x00085434    0x7e520 ./Drivers/STM32F1xx_HAL_Driver/Src/stm32f1xx_hal_cortex.o
 .debug_str     0x00085434    0x7e227 ./Drivers/STM32F1xx_HAL_Driver/Src/stm32f1xx_hal_gpio.o
 .debug_str     0x00085434    0x7e2d0 ./Drivers/STM32F1xx_HAL_Driver/Src/stm32f1xx_hal_rcc.o
 .debug_str     0x00085434    0x7e7c7 ./Drivers/STM32F1xx_HAL_Driver/Src/stm32f1xx_hal_spi.o
 .debug_str     0x00085434    0x7e941 ./Drivers/STM32F1xx_HAL_Driver/Src/stm32f1xx_hal_uart.o
 .debug_str     0x00085434    0x7e7fc ./FATFS/App/fatfs.o
 .debug_str     0x00085434    0x81961 ./FATFS/Target/user_diskio.o
 .debug_str     0x00085434    0x7ef3d ./FATFS/Target/user_diskio_spi.o
 .debug_str     0x00085434    0x7e723 ./Middlewares/Third_Party/FatFs/src/diskio.o
 .debug_str     0x00085434    0x7f564 ./Middlewares/Third_Party/FatFs/src/ff.o
 .debug_str     0x00085434    0x7e774 ./Middlewares/Third_Party/FatFs/src/ff_gen_drv.o

.comment        0x00000000       0x43
 .comment       0x00000000       0x43 ./Core/Src/gpio.o
                                 0x44 (size before relaxing)
 .comment       0x00000043       0x44 ./Core/Src/main.o
 .comment       0x00000043       0x44 ./Core/Src/sd_card_fs.o
 .comment       0x00000043       0x44 ./Core/Src/spi.o
 .comment       0x00000043       0x44 ./Core/Src/stm32f1xx_hal_msp.o
 .comment       0x00000043       0x44 ./Core/Src/stm32f1xx_it.o
 .comment       0x00000043       0x44 ./Core/Src/sysmem.o
 .comment       0x00000043       0x44 ./Core/Src/system_stm32f1xx.o
 .comment       0x00000043       0x44 ./Core/Src/usart.o
 .comment       0x00000043       0x44 ./Drivers/STM32F1xx_HAL_Driver/Src/stm32f1xx_hal.o
 .comment       0x00000043       0x44 ./Drivers/STM32F1xx_HAL_Driver/Src/stm32f1xx_hal_cortex.o
 .comment       0x00000043       0x44 ./Drivers/STM32F1xx_HAL_Driver/Src/stm32f1xx_hal_gpio.o
 .comment       0x00000043       0x44 ./Drivers/STM32F1xx_HAL_Driver/Src/stm32f1xx_hal_rcc.o
 .comment       0x00000043       0x44 ./Drivers/STM32F1xx_HAL_Driver/Src/stm32f1xx_hal_spi.o
 .comment       0x00000043       0x44 ./Drivers/STM32F1xx_HAL_Driver/Src/stm32f1xx_hal_uart.o
 .comment       0x00000043       0x44 ./FATFS/App/fatfs.o
 .comment       0x00000043       0x44 ./FATFS/Target/user_diskio.o
 .comment       0x00000043       0x44 ./FATFS/Target/user_diskio_spi.o
 .comment       0x00000043       0x44 ./Middlewares/Third_Party/FatFs/src/diskio.o
 .comment       0x00000043       0x44 ./Middlewares/Third_Party/FatFs/src/ff.o
 .comment       0x00000043       0x44 ./Middlewares/Third_Party/FatFs/src/ff_gen_drv.o

.debug_frame    0x00000000     0x35c8
 .debug_frame   0x00000000       0x34 ./Core/Src/gpio.o
 .debug_frame   0x00000034       0x70 ./Core/Src/main.o
 .debug_frame   0x000000a4      0x24c ./Core/Src/sd_card_fs.o
 .debug_frame   0x000002f0       0x74 ./Core/Src/spi.o
 .debug_frame   0x00000364       0x38 ./Core/Src/stm32f1xx_hal_msp.o
 .debug_frame   0x0000039c      0x104 ./Core/Src/stm32f1xx_it.o
 .debug_frame   0x000004a0       0x34 ./Core/Src/sysmem.o
 .debug_frame   0x000004d4       0x58 ./Core/Src/system_stm32f1xx.o
 .debug_frame   0x0000052c       0x74 ./Core/Src/usart.o
 .debug_frame   0x000005a0      0x334 ./Drivers/STM32F1xx_HAL_Driver/Src/stm32f1xx_hal.o
 .debug_frame   0x000008d4      0x428 ./Drivers/STM32F1xx_HAL_Driver/Src/stm32f1xx_hal_cortex.o
 .debug_frame   0x00000cfc      0x14c ./Drivers/STM32F1xx_HAL_Driver/Src/stm32f1xx_hal_gpio.o
 .debug_frame   0x00000e48      0x218 ./Drivers/STM32F1xx_HAL_Driver/Src/stm32f1xx_hal_rcc.o
 .debug_frame   0x00001060      0x824 ./Drivers/STM32F1xx_HAL_Driver/Src/stm32f1xx_hal_spi.o
 .debug_frame   0x00001884      0x944 ./Drivers/STM32F1xx_HAL_Driver/Src/stm32f1xx_hal_uart.o
 .debug_frame   0x000021c8       0x4c ./FATFS/App/fatfs.o
 .debug_frame   0x00002214       0xc4 ./FATFS/Target/user_diskio.o
 .debug_frame   0x000022d8      0x248 ./FATFS/Target/user_diskio_spi.o
 .debug_frame   0x00002520       0xec ./Middlewares/Third_Party/FatFs/src/diskio.o
 .debug_frame   0x0000260c      0x920 ./Middlewares/Third_Party/FatFs/src/ff.o
 .debug_frame   0x00002f2c       0xc8 ./Middlewares/Third_Party/FatFs/src/ff_gen_drv.o
 .debug_frame   0x00002ff4      0x144 C:/ST/STM32CubeIDE_1.19.0/STM32CubeIDE/plugins/com.st.stm32cube.ide.mcu.externaltools.gnu-tools-for-stm32.13.3.rel1.win32_1.0.0.202411081344/tools/bin/../lib/gcc/arm-none-eabi/13.3.1/../../../../arm-none-eabi/lib/thumb/v7-m/nofp\libc_nano.a(libc_a-findfp.o)
 .debug_frame   0x00003138       0x74 C:/ST/STM32CubeIDE_1.19.0/STM32CubeIDE/plugins/com.st.stm32cube.ide.mcu.externaltools.gnu-tools-for-stm32.13.3.rel1.win32_1.0.0.202411081344/tools/bin/../lib/gcc/arm-none-eabi/13.3.1/../../../../arm-none-eabi/lib/thumb/v7-m/nofp\libc_nano.a(libc_a-sprintf.o)
 .debug_frame   0x000031ac       0x20 C:/ST/STM32CubeIDE_1.19.0/STM32CubeIDE/plugins/com.st.stm32cube.ide.mcu.externaltools.gnu-tools-for-stm32.13.3.rel1.win32_1.0.0.202411081344/tools/bin/../lib/gcc/arm-none-eabi/13.3.1/../../../../arm-none-eabi/lib/thumb/v7-m/nofp\libc_nano.a(libc_a-memset.o)
 .debug_frame   0x000031cc       0x38 C:/ST/STM32CubeIDE_1.19.0/STM32CubeIDE/plugins/com.st.stm32cube.ide.mcu.externaltools.gnu-tools-for-stm32.13.3.rel1.win32_1.0.0.202411081344/tools/bin/../lib/gcc/arm-none-eabi/13.3.1/../../../../arm-none-eabi/lib/thumb/v7-m/nofp\libc_nano.a(libc_a-reent.o)
 .debug_frame   0x00003204       0x20 C:/ST/STM32CubeIDE_1.19.0/STM32CubeIDE/plugins/com.st.stm32cube.ide.mcu.externaltools.gnu-tools-for-stm32.13.3.rel1.win32_1.0.0.202411081344/tools/bin/../lib/gcc/arm-none-eabi/13.3.1/../../../../arm-none-eabi/lib/thumb/v7-m/nofp\libc_nano.a(libc_a-errno.o)
 .debug_frame   0x00003224       0x2c C:/ST/STM32CubeIDE_1.19.0/STM32CubeIDE/plugins/com.st.stm32cube.ide.mcu.externaltools.gnu-tools-for-stm32.13.3.rel1.win32_1.0.0.202411081344/tools/bin/../lib/gcc/arm-none-eabi/13.3.1/../../../../arm-none-eabi/lib/thumb/v7-m/nofp\libc_nano.a(libc_a-init.o)
 .debug_frame   0x00003250       0xb0 C:/ST/STM32CubeIDE_1.19.0/STM32CubeIDE/plugins/com.st.stm32cube.ide.mcu.externaltools.gnu-tools-for-stm32.13.3.rel1.win32_1.0.0.202411081344/tools/bin/../lib/gcc/arm-none-eabi/13.3.1/../../../../arm-none-eabi/lib/thumb/v7-m/nofp\libc_nano.a(libc_a-lock.o)
 .debug_frame   0x00003300       0x20 C:/ST/STM32CubeIDE_1.19.0/STM32CubeIDE/plugins/com.st.stm32cube.ide.mcu.externaltools.gnu-tools-for-stm32.13.3.rel1.win32_1.0.0.202411081344/tools/bin/../lib/gcc/arm-none-eabi/13.3.1/../../../../arm-none-eabi/lib/thumb/v7-m/nofp\libc_nano.a(libc_a-strcpy.o)
 .debug_frame   0x00003320       0x38 C:/ST/STM32CubeIDE_1.19.0/STM32CubeIDE/plugins/com.st.stm32cube.ide.mcu.externaltools.gnu-tools-for-stm32.13.3.rel1.win32_1.0.0.202411081344/tools/bin/../lib/gcc/arm-none-eabi/13.3.1/../../../../arm-none-eabi/lib/thumb/v7-m/nofp\libc_nano.a(libc_a-freer.o)
 .debug_frame   0x00003358       0x50 C:/ST/STM32CubeIDE_1.19.0/STM32CubeIDE/plugins/com.st.stm32cube.ide.mcu.externaltools.gnu-tools-for-stm32.13.3.rel1.win32_1.0.0.202411081344/tools/bin/../lib/gcc/arm-none-eabi/13.3.1/../../../../arm-none-eabi/lib/thumb/v7-m/nofp\libc_nano.a(libc_a-mallocr.o)
 .debug_frame   0x000033a8       0x30 C:/ST/STM32CubeIDE_1.19.0/STM32CubeIDE/plugins/com.st.stm32cube.ide.mcu.externaltools.gnu-tools-for-stm32.13.3.rel1.win32_1.0.0.202411081344/tools/bin/../lib/gcc/arm-none-eabi/13.3.1/../../../../arm-none-eabi/lib/thumb/v7-m/nofp\libc_nano.a(libc_a-mlock.o)
 .debug_frame   0x000033d8       0x90 C:/ST/STM32CubeIDE_1.19.0/STM32CubeIDE/plugins/com.st.stm32cube.ide.mcu.externaltools.gnu-tools-for-stm32.13.3.rel1.win32_1.0.0.202411081344/tools/bin/../lib/gcc/arm-none-eabi/13.3.1/../../../../arm-none-eabi/lib/thumb/v7-m/nofp\libc_nano.a(libc_a-nano-svfprintf.o)
 .debug_frame   0x00003468       0x60 C:/ST/STM32CubeIDE_1.19.0/STM32CubeIDE/plugins/com.st.stm32cube.ide.mcu.externaltools.gnu-tools-for-stm32.13.3.rel1.win32_1.0.0.202411081344/tools/bin/../lib/gcc/arm-none-eabi/13.3.1/../../../../arm-none-eabi/lib/thumb/v7-m/nofp\libc_nano.a(libc_a-nano-vfprintf_i.o)
 .debug_frame   0x000034c8       0x28 C:/ST/STM32CubeIDE_1.19.0/STM32CubeIDE/plugins/com.st.stm32cube.ide.mcu.externaltools.gnu-tools-for-stm32.13.3.rel1.win32_1.0.0.202411081344/tools/bin/../lib/gcc/arm-none-eabi/13.3.1/../../../../arm-none-eabi/lib/thumb/v7-m/nofp\libc_nano.a(libc_a-memmove.o)
 .debug_frame   0x000034f0       0x2c C:/ST/STM32CubeIDE_1.19.0/STM32CubeIDE/plugins/com.st.stm32cube.ide.mcu.externaltools.gnu-tools-for-stm32.13.3.rel1.win32_1.0.0.202411081344/tools/bin/../lib/gcc/arm-none-eabi/13.3.1/../../../../arm-none-eabi/lib/thumb/v7-m/nofp\libc_nano.a(libc_a-sbrkr.o)
 .debug_frame   0x0000351c       0x28 C:/ST/STM32CubeIDE_1.19.0/STM32CubeIDE/plugins/com.st.stm32cube.ide.mcu.externaltools.gnu-tools-for-stm32.13.3.rel1.win32_1.0.0.202411081344/tools/bin/../lib/gcc/arm-none-eabi/13.3.1/../../../../arm-none-eabi/lib/thumb/v7-m/nofp\libc_nano.a(libc_a-memchr-stub.o)
 .debug_frame   0x00003544       0x28 C:/ST/STM32CubeIDE_1.19.0/STM32CubeIDE/plugins/com.st.stm32cube.ide.mcu.externaltools.gnu-tools-for-stm32.13.3.rel1.win32_1.0.0.202411081344/tools/bin/../lib/gcc/arm-none-eabi/13.3.1/../../../../arm-none-eabi/lib/thumb/v7-m/nofp\libc_nano.a(libc_a-memcpy-stub.o)
 .debug_frame   0x0000356c       0x3c C:/ST/STM32CubeIDE_1.19.0/STM32CubeIDE/plugins/com.st.stm32cube.ide.mcu.externaltools.gnu-tools-for-stm32.13.3.rel1.win32_1.0.0.202411081344/tools/bin/../lib/gcc/arm-none-eabi/13.3.1/../../../../arm-none-eabi/lib/thumb/v7-m/nofp\libc_nano.a(libc_a-reallocr.o)
 .debug_frame   0x000035a8       0x20 C:/ST/STM32CubeIDE_1.19.0/STM32CubeIDE/plugins/com.st.stm32cube.ide.mcu.externaltools.gnu-tools-for-stm32.13.3.rel1.win32_1.0.0.202411081344/tools/bin/../lib/gcc/arm-none-eabi/13.3.1/../../../../arm-none-eabi/lib/thumb/v7-m/nofp\libc_nano.a(libc_a-msizer.o)

.debug_line_str
                0x00000000       0x6e
 .debug_line_str
                0x00000000       0x6e ./Core/Startup/startup_stm32f103c8tx.o
