../Core/Src/sd_card_fs.c:10:6:sd_card_init	8	static
../Core/Src/sd_card_fs.c:15:9:sd_card_mount	264	static
../Core/Src/sd_card_fs.c:27:9:sd_card_unmount	264	static
../Core/Src/sd_card_fs.c:39:9:sd_card_format	4	static
../Core/Src/sd_card_fs.c:41:9:sd_card_get_free_space	272	static
../Core/Src/sd_card_fs.c:54:9:sd_card_create_file	16	static
../Core/Src/sd_card_fs.c:56:9:sd_card_read_file	24	static
../Core/Src/sd_card_fs.c:58:9:sd_card_write_file	24	static
../Core/Src/sd_card_fs.c:60:6:sd_card_test	520	static
