../Core/Src/sd_card_fs.c:10:6:sd_card_init	8	static
../Core/Src/sd_card_fs.c:17:9:sd_card_mount	264	static
../Core/Src/sd_card_fs.c:30:9:sd_card_unmount	264	static
../Core/Src/sd_card_fs.c:43:9:sd_card_format	264	static
../Core/Src/sd_card_fs.c:56:9:sd_card_get_free_space	272	static
../Core/Src/sd_card_fs.c:72:9:sd_card_create_directory	272	static
../Core/Src/sd_card_fs.c:85:9:sd_card_delete_directory	272	static
../Core/Src/sd_card_fs.c:99:9:sd_card_cd	272	static
../Core/Src/sd_card_fs.c:112:9:sd_card_ls	856	static
../Core/Src/sd_card_fs.c:153:9:sd_card_pwd	272	static
../Core/Src/sd_card_fs.c:166:9:sd_card_create_file	272	static
../Core/Src/sd_card_fs.c:180:9:sd_card_delete_file	272	static
../Core/Src/sd_card_fs.c:193:9:sd_card_rename_file	272	static
../Core/Src/sd_card_fs.c:206:9:sd_card_read_file	296	static
../Core/Src/sd_card_fs.c:234:9:sd_card_write_file	288	static
../Core/Src/sd_card_fs.c:254:6:sd_card_test	520	static
